Component: ARM Compiler 5.06 update 5 (build 528) Tool: armlink [4d35e2]

==============================================================================

Section Cross References

    startup_stm32f103xe.o(RESET) refers to startup_stm32f103xe.o(STACK) for __initial_sp
    startup_stm32f103xe.o(RESET) refers to startup_stm32f103xe.o(.text) for Reset_Handler
    startup_stm32f103xe.o(RESET) refers to stm32f1xx_it.o(i.NMI_Handler) for NMI_Handler
    startup_stm32f103xe.o(RESET) refers to stm32f1xx_it.o(i.HardFault_Handler) for HardFault_Handler
    startup_stm32f103xe.o(RESET) refers to stm32f1xx_it.o(i.MemManage_Handler) for MemManage_Handler
    startup_stm32f103xe.o(RESET) refers to stm32f1xx_it.o(i.BusFault_Handler) for BusFault_Handler
    startup_stm32f103xe.o(RESET) refers to stm32f1xx_it.o(i.UsageFault_Handler) for UsageFault_Handler
    startup_stm32f103xe.o(RESET) refers to stm32f1xx_it.o(i.SVC_Handler) for SVC_Handler
    startup_stm32f103xe.o(RESET) refers to stm32f1xx_it.o(i.DebugMon_Handler) for DebugMon_Handler
    startup_stm32f103xe.o(RESET) refers to stm32f1xx_it.o(i.PendSV_Handler) for PendSV_Handler
    startup_stm32f103xe.o(RESET) refers to stm32f1xx_it.o(i.SysTick_Handler) for SysTick_Handler
    startup_stm32f103xe.o(RESET) refers to stm32f1xx_it.o(i.DMA1_Channel1_IRQHandler) for DMA1_Channel1_IRQHandler
    startup_stm32f103xe.o(RESET) refers to stm32f1xx_it.o(i.DMA1_Channel5_IRQHandler) for DMA1_Channel5_IRQHandler
    startup_stm32f103xe.o(RESET) refers to stm32f1xx_it.o(i.ADC1_2_IRQHandler) for ADC1_2_IRQHandler
    startup_stm32f103xe.o(RESET) refers to stm32f1xx_it.o(i.TIM2_IRQHandler) for TIM2_IRQHandler
    startup_stm32f103xe.o(RESET) refers to stm32f1xx_it.o(i.TIM3_IRQHandler) for TIM3_IRQHandler
    startup_stm32f103xe.o(RESET) refers to stm32f1xx_it.o(i.TIM4_IRQHandler) for TIM4_IRQHandler
    startup_stm32f103xe.o(RESET) refers to stm32f1xx_it.o(i.USART1_IRQHandler) for USART1_IRQHandler
    startup_stm32f103xe.o(.text) refers to system_stm32f1xx.o(i.SystemInit) for SystemInit
    startup_stm32f103xe.o(.text) refers to entry.o(.ARM.Collect$$$$00000000) for __main
    system_stm32f1xx.o(i.SystemCoreClockUpdate) refers to system_stm32f1xx.o(.data) for .data
    system_stm32f1xx.o(i.SystemCoreClockUpdate) refers to system_stm32f1xx.o(.constdata) for .constdata
    stm32f1xx_hal_msp.o(i.HAL_ADC_MspDeInit) refers to stm32f1xx_hal_gpio.o(i.HAL_GPIO_DeInit) for HAL_GPIO_DeInit
    stm32f1xx_hal_msp.o(i.HAL_ADC_MspDeInit) refers to stm32f1xx_hal_dma.o(i.HAL_DMA_DeInit) for HAL_DMA_DeInit
    stm32f1xx_hal_msp.o(i.HAL_ADC_MspDeInit) refers to stm32f1xx_hal_cortex.o(i.HAL_NVIC_DisableIRQ) for HAL_NVIC_DisableIRQ
    stm32f1xx_hal_msp.o(i.HAL_ADC_MspInit) refers to stm32f1xx_hal_gpio.o(i.HAL_GPIO_Init) for HAL_GPIO_Init
    stm32f1xx_hal_msp.o(i.HAL_ADC_MspInit) refers to stm32f1xx_hal_dma.o(i.HAL_DMA_Init) for HAL_DMA_Init
    stm32f1xx_hal_msp.o(i.HAL_ADC_MspInit) refers to main.o(i._Error_Handler) for _Error_Handler
    stm32f1xx_hal_msp.o(i.HAL_ADC_MspInit) refers to stm32f1xx_hal_cortex.o(i.HAL_NVIC_SetPriority) for HAL_NVIC_SetPriority
    stm32f1xx_hal_msp.o(i.HAL_ADC_MspInit) refers to stm32f1xx_hal_cortex.o(i.HAL_NVIC_EnableIRQ) for HAL_NVIC_EnableIRQ
    stm32f1xx_hal_msp.o(i.HAL_ADC_MspInit) refers to main.o(.bss) for hdma_adc1
    stm32f1xx_hal_msp.o(i.HAL_MspInit) refers to stm32f1xx_hal_cortex.o(i.HAL_NVIC_SetPriorityGrouping) for HAL_NVIC_SetPriorityGrouping
    stm32f1xx_hal_msp.o(i.HAL_MspInit) refers to stm32f1xx_hal_cortex.o(i.HAL_NVIC_SetPriority) for HAL_NVIC_SetPriority
    stm32f1xx_hal_msp.o(i.HAL_TIM_Base_MspDeInit) refers to stm32f1xx_hal_cortex.o(i.HAL_NVIC_DisableIRQ) for HAL_NVIC_DisableIRQ
    stm32f1xx_hal_msp.o(i.HAL_TIM_Base_MspInit) refers to stm32f1xx_hal_cortex.o(i.HAL_NVIC_SetPriority) for HAL_NVIC_SetPriority
    stm32f1xx_hal_msp.o(i.HAL_TIM_Base_MspInit) refers to stm32f1xx_hal_cortex.o(i.HAL_NVIC_EnableIRQ) for HAL_NVIC_EnableIRQ
    stm32f1xx_hal_msp.o(i.HAL_TIM_MspPostInit) refers to stm32f1xx_hal_gpio.o(i.HAL_GPIO_Init) for HAL_GPIO_Init
    stm32f1xx_hal_msp.o(i.HAL_UART_MspDeInit) refers to stm32f1xx_hal_gpio.o(i.HAL_GPIO_DeInit) for HAL_GPIO_DeInit
    stm32f1xx_hal_msp.o(i.HAL_UART_MspDeInit) refers to stm32f1xx_hal_dma.o(i.HAL_DMA_DeInit) for HAL_DMA_DeInit
    stm32f1xx_hal_msp.o(i.HAL_UART_MspDeInit) refers to stm32f1xx_hal_cortex.o(i.HAL_NVIC_DisableIRQ) for HAL_NVIC_DisableIRQ
    stm32f1xx_hal_msp.o(i.HAL_UART_MspInit) refers to stm32f1xx_hal_gpio.o(i.HAL_GPIO_Init) for HAL_GPIO_Init
    stm32f1xx_hal_msp.o(i.HAL_UART_MspInit) refers to stm32f1xx_hal_dma.o(i.HAL_DMA_Init) for HAL_DMA_Init
    stm32f1xx_hal_msp.o(i.HAL_UART_MspInit) refers to main.o(i._Error_Handler) for _Error_Handler
    stm32f1xx_hal_msp.o(i.HAL_UART_MspInit) refers to stm32f1xx_hal_cortex.o(i.HAL_NVIC_SetPriority) for HAL_NVIC_SetPriority
    stm32f1xx_hal_msp.o(i.HAL_UART_MspInit) refers to stm32f1xx_hal_cortex.o(i.HAL_NVIC_EnableIRQ) for HAL_NVIC_EnableIRQ
[...]
    ../clib/microlib/printf/printf.c         0x00000000   Number         0  printf4.o ABSOLUTE
    ../clib/microlib/printf/printf.c         0x00000000   Number         0  printf5.o ABSOLUTE
    ../clib/microlib/printf/printf.c         0x00000000   Number         0  printf6.o ABSOLUTE
    ../clib/microlib/printf/printf.c         0x00000000   Number         0  printf7.o ABSOLUTE
    ../clib/microlib/printf/printf.c         0x00000000   Number         0  printf8.o ABSOLUTE
    ../clib/microlib/printf/stubs.s          0x00000000   Number         0  stubs.o ABSOLUTE
    ../clib/microlib/stdio/fputc.c           0x00000000   Number         0  fputc.o ABSOLUTE
    ../clib/microlib/stdio/semi.s            0x00000000   Number         0  semi.o ABSOLUTE
    ../clib/microlib/stdio/streams.c         0x00000000   Number         0  stdout.o ABSOLUTE
    ../clib/microlib/stubs.s                 0x00000000   Number         0  iusesemip.o ABSOLUTE
    ../clib/microlib/stubs.s                 0x00000000   Number         0  iusefp.o ABSOLUTE
    ../fplib/microlib/d2f.c                  0x00000000   Number         0  d2f.o ABSOLUTE
    ../fplib/microlib/f2d.c                  0x00000000   Number         0  f2d.o ABSOLUTE
    ../fplib/microlib/fpadd.c                0x00000000   Number         0  fadd.o ABSOLUTE
    ../fplib/microlib/fpadd.c                0x00000000   Number         0  dadd.o ABSOLUTE
    ../fplib/microlib/fpdiv.c                0x00000000   Number         0  ddiv.o ABSOLUTE
    ../fplib/microlib/fpepilogue.c           0x00000000   Number         0  fepilogue.o ABSOLUTE
    ../fplib/microlib/fpepilogue.c           0x00000000   Number         0  depilogue.o ABSOLUTE
    ../fplib/microlib/fpfix.c                0x00000000   Number         0  dfixi.o ABSOLUTE
    ../fplib/microlib/fpfix.c                0x00000000   Number         0  dfixul.o ABSOLUTE
    ../fplib/microlib/fpflt.c                0x00000000   Number         0  dflti.o ABSOLUTE
    ../fplib/microlib/fpflt.c                0x00000000   Number         0  ffltui.o ABSOLUTE
    ../fplib/microlib/fpmul.c                0x00000000   Number         0  dmul.o ABSOLUTE
    ../fplib/microlib/fpmul.c                0x00000000   Number         0  fmul.o ABSOLUTE
    ../fplib/microlib/fpscalb.c              0x00000000   Number         0  dscalb.o ABSOLUTE
    ../fplib/microlib/fpscalb.c              0x00000000   Number         0  fscalb.o ABSOLUTE
    ../fplib/microlib/fpsqrt.c               0x00000000   Number         0  dsqrt.o ABSOLUTE
    ../mathlib/dunder.c                      0x00000000   Number         0  dunder.o ABSOLUTE
    ../mathlib/fpclassify.c                  0x00000000   Number         0  fpclassify.o ABSOLUTE
    ../mathlib/log.c                         0x00000000   Number         0  log_x.o ABSOLUTE
    ../mathlib/log.c                         0x00000000   Number         0  log.o ABSOLUTE
    ../mathlib/poly.c                        0x00000000   Number         0  poly.o ABSOLUTE
    ../mathlib/pow.c                         0x00000000   Number         0  pow_x.o ABSOLUTE
    ../mathlib/pow.c                         0x00000000   Number         0  pow.o ABSOLUTE
    ../mathlib/qnan.c                        0x00000000   Number         0  qnan.o ABSOLUTE
    ../mathlib/sqrt.c                        0x00000000   Number         0  sqrt.o ABSOLUTE
    ../mathlib/sqrt.c                        0x00000000   Number         0  sqrt_x.o ABSOLUTE
    ..\Drivers\STM32F1xx_HAL_Driver\Src\stm32f1xx_hal.c 0x00000000   Number         0  stm32f1xx_hal.o ABSOLUTE
    ..\Drivers\STM32F1xx_HAL_Driver\Src\stm32f1xx_hal_adc.c 0x00000000   Number         0  stm32f1xx_hal_adc.o ABSOLUTE
    ..\Drivers\STM32F1xx_HAL_Driver\Src\stm32f1xx_hal_adc_ex.c 0x00000000   Number         0  stm32f1xx_hal_adc_ex.o ABSOLUTE
    ..\Drivers\STM32F1xx_HAL_Driver\Src\stm32f1xx_hal_cortex.c 0x00000000   Number         0  stm32f1xx_hal_cortex.o ABSOLUTE
    ..\Drivers\STM32F1xx_HAL_Driver\Src\stm32f1xx_hal_dma.c 0x00000000   Number         0  stm32f1xx_hal_dma.o ABSOLUTE
    ..\Drivers\STM32F1xx_HAL_Driver\Src\stm32f1xx_hal_flash.c 0x00000000   Number         0  stm32f1xx_hal_flash.o ABSOLUTE
    ..\Drivers\STM32F1xx_HAL_Driver\Src\stm32f1xx_hal_flash_ex.c 0x00000000   Number         0  stm32f1xx_hal_flash_ex.o ABSOLUTE
    ..\Drivers\STM32F1xx_HAL_Driver\Src\stm32f1xx_hal_gpio.c 0x00000000   Number         0  stm32f1xx_hal_gpio.o ABSOLUTE
    ..\Drivers\STM32F1xx_HAL_Driver\Src\stm32f1xx_hal_gpio_ex.c 0x00000000   Number         0  stm32f1xx_hal_gpio_ex.o ABSOLUTE
    ..\Drivers\STM32F1xx_HAL_Driver\Src\stm32f1xx_hal_pwr.c 0x00000000   Number         0  stm32f1xx_hal_pwr.o ABSOLUTE
    ..\Drivers\STM32F1xx_HAL_Driver\Src\stm32f1xx_hal_rcc.c 0x00000000   Number         0  stm32f1xx_hal_rcc.o ABSOLUTE
    ..\Drivers\STM32F1xx_HAL_Driver\Src\stm32f1xx_hal_rcc_ex.c 0x00000000   Number         0  stm32f1xx_hal_rcc_ex.o ABSOLUTE
    ..\Drivers\STM32F1xx_HAL_Driver\Src\stm32f1xx_hal_tim.c 0x00000000   Number         0  stm32f1xx_hal_tim.o ABSOLUTE
    ..\Drivers\STM32F1xx_HAL_Driver\Src\stm32f1xx_hal_tim_ex.c 0x00000000   Number         0  stm32f1xx_hal_tim_ex.o ABSOLUTE
    ..\Drivers\STM32F1xx_HAL_Driver\Src\stm32f1xx_hal_uart.c 0x00000000   Number         0  stm32f1xx_hal_uart.o ABSOLUTE
    ..\Src\main.c                            0x00000000   Number         0  main.o ABSOLUTE
    ..\Src\stm32f1xx_hal_msp.c               0x00000000   Number         0  stm32f1xx_hal_msp.o ABSOLUTE
    ..\Src\stm32f1xx_it.c                    0x00000000   Number         0  stm32f1xx_it.o ABSOLUTE
    ..\Src\system_stm32f1xx.c                0x00000000   Number         0  system_stm32f1xx.o ABSOLUTE
    cdcmple.s                                0x00000000   Number         0  cdcmple.o ABSOLUTE
    cdrcmple.s                               0x00000000   Number         0  cdrcmple.o ABSOLUTE
    dc.s                                     0x00000000   Number         0  dc.o ABSOLUTE
    handlers.s                               0x00000000   Number         0  handlers.o ABSOLUTE
    init.s                                   0x00000000   Number         0  init.o ABSOLUTE
    startup_stm32f103xe.s                    0x00000000   Number         0  startup_stm32f103xe.o ABSOLUTE
    RESET                                    0x08000000   Section      304  startup_stm32f103xe.o(RESET)
    .ARM.Collect$$$$00000000                 0x08000130   Section        0  entry.o(.ARM.Collect$$$$00000000)
    .ARM.Collect$$$$00000001                 0x08000130   Section        4  entry2.o(.ARM.Collect$$$$00000001)
    .ARM.Collect$$$$00000004                 0x08000134   Section        4  entry5.o(.ARM.Collect$$$$00000004)
    .ARM.Collect$$$$00000008                 0x08000138   Section        0  entry7b.o(.ARM.Collect$$$$00000008)
    .ARM.Collect$$$$0000000A                 0x08000138   Section        0  entry8b.o(.ARM.Collect$$$$0000000A)
    .ARM.Collect$$$$0000000B                 0x08000138   Section        8  entry9a.o(.ARM.Collect$$$$0000000B)
    .ARM.Collect$$$$0000000D                 0x08000140   Section        0  entry10a.o(.ARM.Collect$$$$0000000D)
    .ARM.Collect$$$$0000000F                 0x08000140   Section        0  entry11a.o(.ARM.Collect$$$$0000000F)
    .ARM.Collect$$$$00002712                 0x08000140   Section        4  entry2.o(.ARM.Collect$$$$00002712)
    __lit__00000000                          0x08000140   Data           4  entry2.o(.ARM.Collect$$$$00002712)
    .text                                    0x08000144   Section       36  startup_stm32f103xe.o(.text)
    .text                                    0x08000168   Section        0  llushr.o(.text)
    .text                                    0x08000188   Section        0  fadd.o(.text)
    .text                                    0x08000238   Section        0  fmul.o(.text)
    .text                                    0x0800029c   Section        0  fscalb.o(.text)
    .text                                    0x080002b4   Section        0  dadd.o(.text)
    .text                                    0x08000402   Section        0  dmul.o(.text)
    .text                                    0x080004e6   Section        0  ddiv.o(.text)
    .text                                    0x080005c4   Section        0  ffltui.o(.text)
    .text                                    0x080005ce   Section        0  dflti.o(.text)
    .text                                    0x080005f0   Section        0  dfixi.o(.text)
    .text                                    0x0800062e   Section        0  f2d.o(.text)
    .text                                    0x08000654   Section        0  d2f.o(.text)
    .text                                    0x0800068c   Section        0  uidiv.o(.text)
    .text                                    0x080006b8   Section        0  uldiv.o(.text)
    .text                                    0x0800071a   Section        0  llshl.o(.text)
    .text                                    0x08000738   Section        0  llsshr.o(.text)
    .text                                    0x0800075c   Section        0  fepilogue.o(.text)
    .text                                    0x0800075c   Section        0  iusefp.o(.text)
    .text                                    0x080007ca   Section        0  depilogue.o(.text)
    .text                                    0x08000884   Section        0  dscalb.o(.text)
    .text                                    0x080008b2   Section        0  dfixul.o(.text)
    .text                                    0x080008e4   Section       48  cdcmple.o(.text)
    .text                                    0x08000914   Section       48  cdrcmple.o(.text)
    .text                                    0x08000944   Section       36  init.o(.text)
    .text                                    0x08000968   Section        0  dsqrt.o(.text)
    i.ADC1_2_IRQHandler                      0x08000a0c   Section        0  stm32f1xx_it.o(i.ADC1_2_IRQHandler)
    i.ADC_ConversionStop_Disable             0x08000a18   Section        0  stm32f1xx_hal_adc.o(i.ADC_ConversionStop_Disable)
    i.ADC_DMAConvCplt                        0x08000a64   Section        0  stm32f1xx_hal_adc.o(i.ADC_DMAConvCplt)
    i.ADC_DMAError                           0x08000ab2   Section        0  stm32f1xx_hal_adc.o(i.ADC_DMAError)
    i.ADC_DMAHalfConvCplt                    0x08000acc   Section        0  stm32f1xx_hal_adc.o(i.ADC_DMAHalfConvCplt)
    i.ADC_Enable                             0x08000ad8   Section        0  stm32f1xx_hal_adc.o(i.ADC_Enable)
    i.BusFault_Handler                       0x08000b48   Section        0  stm32f1xx_it.o(i.BusFault_Handler)
    i.DMA1_Channel1_IRQHandler               0x08000b4c   Section        0  stm32f1xx_it.o(i.DMA1_Channel1_IRQHandler)
    i.DMA1_Channel5_IRQHandler               0x08000b58   Section        0  stm32f1xx_it.o(i.DMA1_Channel5_IRQHandler)
    i.DMA_SetConfig                          0x08000b64   Section        0  stm32f1xx_hal_dma.o(i.DMA_SetConfig)
    DMA_SetConfig                            0x08000b65   Thumb Code    42  stm32f1xx_hal_dma.o(i.DMA_SetConfig)
    i.DebugMon_Handler                       0x08000b8e   Section        0  stm32f1xx_it.o(i.DebugMon_Handler)
    i.HAL_ADCEx_InjectedConvCpltCallback     0x08000b90   Section        0  stm32f1xx_hal_adc_ex.o(i.HAL_ADCEx_InjectedConvCpltCallback)
    i.HAL_ADC_ConfigChannel                  0x08000b94   Section        0  stm32f1xx_hal_adc.o(i.HAL_ADC_ConfigChannel)
    i.HAL_ADC_ConvCpltCallback               0x08000c90   Section        0  stm32f1xx_hal_adc.o(i.HAL_ADC_ConvCpltCallback)
    i.HAL_ADC_ConvHalfCpltCallback           0x08000c92   Section        0  stm32f1xx_hal_adc.o(i.HAL_ADC_ConvHalfCpltCallback)
    i.HAL_ADC_ErrorCallback                  0x08000c94   Section        0  stm32f1xx_hal_adc.o(i.HAL_ADC_ErrorCallback)
    i.HAL_ADC_IRQHandler                     0x08000c96   Section        0  stm32f1xx_hal_adc.o(i.HAL_ADC_IRQHandler)
    i.HAL_ADC_Init                           0x08000d7c   Section        0  stm32f1xx_hal_adc.o(i.HAL_ADC_Init)
    i.HAL_ADC_LevelOutOfWindowCallback       0x08000e9c   Section        0  stm32f1xx_hal_adc.o(i.HAL_ADC_LevelOutOfWindowCallback)
    i.HAL_ADC_MspInit                        0x08000ea0   Section        0  stm32f1xx_hal_msp.o(i.HAL_ADC_MspInit)
    i.HAL_ADC_Start_DMA                      0x08000f58   Section        0  stm32f1xx_hal_adc.o(i.HAL_ADC_Start_DMA)
    i.HAL_DMA_Abort_IT                       0x08001064   Section        0  stm32f1xx_hal_dma.o(i.HAL_DMA_Abort_IT)
    i.HAL_DMA_IRQHandler                     0x08001194   Section        0  stm32f1xx_hal_dma.o(i.HAL_DMA_IRQHandler)
    i.HAL_DMA_Init                           0x080013dc   Section        0  stm32f1xx_hal_dma.o(i.HAL_DMA_Init)
    i.HAL_DMA_Start_IT                       0x08001460   Section        0  stm32f1xx_hal_dma.o(i.HAL_DMA_Start_IT)
    i.HAL_Delay                              0x080014d0   Section        0  stm32f1xx_hal.o(i.HAL_Delay)
    i.HAL_GPIO_Init                          0x080014ec   Section        0  stm32f1xx_hal_gpio.o(i.HAL_GPIO_Init)
    i.HAL_GPIO_ReadPin                       0x080016d4   Section        0  stm32f1xx_hal_gpio.o(i.HAL_GPIO_ReadPin)
    i.HAL_GPIO_TogglePin                     0x080016de   Section        0  stm32f1xx_hal_gpio.o(i.HAL_GPIO_TogglePin)
    i.HAL_GPIO_WritePin                      0x080016e6   Section        0  stm32f1xx_hal_gpio.o(i.HAL_GPIO_WritePin)
    i.HAL_GetTick                            0x080016f0   Section        0  stm32f1xx_hal.o(i.HAL_GetTick)
    i.HAL_IncTick                            0x080016fc   Section        0  stm32f1xx_hal.o(i.HAL_IncTick)
    i.HAL_Init                               0x0800170c   Section        0  stm32f1xx_hal.o(i.HAL_Init)
    i.HAL_InitTick                           0x08001730   Section        0  stm32f1xx_hal.o(i.HAL_InitTick)
    i.HAL_MspInit                            0x08001758   Section        0  stm32f1xx_hal_msp.o(i.HAL_MspInit)
    i.HAL_NVIC_EnableIRQ                     0x080017dc   Section        0  stm32f1xx_hal_cortex.o(i.HAL_NVIC_EnableIRQ)
    i.HAL_NVIC_SetPriority                   0x080017f4   Section        0  stm32f1xx_hal_cortex.o(i.HAL_NVIC_SetPriority)
    i.HAL_NVIC_SetPriorityGrouping           0x08001834   Section        0  stm32f1xx_hal_cortex.o(i.HAL_NVIC_SetPriorityGrouping)
    i.HAL_RCCEx_PeriphCLKConfig              0x08001858   Section        0  stm32f1xx_hal_rcc_ex.o(i.HAL_RCCEx_PeriphCLKConfig)
    i.HAL_RCC_ClockConfig                    0x08001944   Section        0  stm32f1xx_hal_rcc.o(i.HAL_RCC_ClockConfig)
    i.HAL_RCC_GetHCLKFreq                    0x08001a98   Section        0  stm32f1xx_hal_rcc.o(i.HAL_RCC_GetHCLKFreq)
    i.HAL_RCC_GetPCLK1Freq                   0x08001aa4   Section        0  stm32f1xx_hal_rcc.o(i.HAL_RCC_GetPCLK1Freq)
    i.HAL_RCC_GetPCLK2Freq                   0x08001ac4   Section        0  stm32f1xx_hal_rcc.o(i.HAL_RCC_GetPCLK2Freq)
    i.HAL_RCC_GetSysClockFreq                0x08001ae4   Section        0  stm32f1xx_hal_rcc.o(i.HAL_RCC_GetSysClockFreq)
    i.HAL_RCC_OscConfig                      0x08001b50   Section        0  stm32f1xx_hal_rcc.o(i.HAL_RCC_OscConfig)
    i.HAL_SYSTICK_CLKSourceConfig            0x08001e54   Section        0  stm32f1xx_hal_cortex.o(i.HAL_SYSTICK_CLKSourceConfig)
    i.HAL_SYSTICK_Callback                   0x08001e6c   Section        0  stm32f1xx_hal_cortex.o(i.HAL_SYSTICK_Callback)
    i.HAL_SYSTICK_Config                     0x08001e6e   Section        0  stm32f1xx_hal_cortex.o(i.HAL_SYSTICK_Config)
    i.HAL_SYSTICK_IRQHandler                 0x08001e96   Section        0  stm32f1xx_hal_cortex.o(i.HAL_SYSTICK_IRQHandler)
    i.HAL_TIMEx_BreakCallback                0x08001e9e   Section        0  stm32f1xx_hal_tim_ex.o(i.HAL_TIMEx_BreakCallback)
    i.HAL_TIMEx_CommutationCallback          0x08001ea0   Section        0  stm32f1xx_hal_tim_ex.o(i.HAL_TIMEx_CommutationCallback)
    i.HAL_TIMEx_ConfigBreakDeadTime          0x08001ea2   Section        0  stm32f1xx_hal_tim_ex.o(i.HAL_TIMEx_ConfigBreakDeadTime)
    i.HAL_TIMEx_MasterConfigSynchronization  0x08001efc   Section        0  stm32f1xx_hal_tim_ex.o(i.HAL_TIMEx_MasterConfigSynchronization)
    i.HAL_TIM_Base_Init                      0x08001f4c   Section        0  stm32f1xx_hal_tim.o(i.HAL_TIM_Base_Init)
    i.HAL_TIM_Base_MspInit                   0x08001f84   Section        0  stm32f1xx_hal_msp.o(i.HAL_TIM_Base_MspInit)
    i.HAL_TIM_Base_Start                     0x08002024   Section        0  stm32f1xx_hal_tim.o(i.HAL_TIM_Base_Start)
    i.HAL_TIM_Base_Start_IT                  0x0800203e   Section        0  stm32f1xx_hal_tim.o(i.HAL_TIM_Base_Start_IT)
    i.HAL_TIM_ConfigClockSource              0x08002056   Section        0  stm32f1xx_hal_tim.o(i.HAL_TIM_ConfigClockSource)
    i.HAL_TIM_IC_CaptureCallback             0x08002148   Section        0  stm32f1xx_hal_tim.o(i.HAL_TIM_IC_CaptureCallback)
    i.HAL_TIM_IRQHandler                     0x0800214a   Section        0  stm32f1xx_hal_tim.o(i.HAL_TIM_IRQHandler)
    i.HAL_TIM_MspPostInit                    0x080022b0   Section        0  stm32f1xx_hal_msp.o(i.HAL_TIM_MspPostInit)
    i.HAL_TIM_OC_ConfigChannel               0x080022d8   Section        0  stm32f1xx_hal_tim.o(i.HAL_TIM_OC_ConfigChannel)
    i.HAL_TIM_OC_DelayElapsedCallback        0x0800232e   Section        0  stm32f1xx_hal_tim.o(i.HAL_TIM_OC_DelayElapsedCallback)
    i.HAL_TIM_OC_Init                        0x08002330   Section        0  stm32f1xx_hal_tim.o(i.HAL_TIM_OC_Init)
    i.HAL_TIM_OC_MspInit                     0x08002366   Section        0  stm32f1xx_hal_tim.o(i.HAL_TIM_OC_MspInit)
    i.HAL_TIM_PWM_ConfigChannel              0x08002368   Section        0  stm32f1xx_hal_tim.o(i.HAL_TIM_PWM_ConfigChannel)
    i.HAL_TIM_PWM_Init                       0x08002438   Section        0  stm32f1xx_hal_tim.o(i.HAL_TIM_PWM_Init)
    i.HAL_TIM_PWM_MspInit                    0x0800246e   Section        0  stm32f1xx_hal_tim.o(i.HAL_TIM_PWM_MspInit)
    i.HAL_TIM_PWM_PulseFinishedCallback      0x08002470   Section        0  stm32f1xx_hal_tim.o(i.HAL_TIM_PWM_PulseFinishedCallback)
    i.HAL_TIM_PeriodElapsedCallback          0x08002474   Section        0  main.o(i.HAL_TIM_PeriodElapsedCallback)
    i.HAL_TIM_TriggerCallback                0x08002508   Section        0  stm32f1xx_hal_tim.o(i.HAL_TIM_TriggerCallback)
    i.HAL_UART_ErrorCallback                 0x0800250a   Section        0  stm32f1xx_hal_uart.o(i.HAL_UART_ErrorCallback)
    i.HAL_UART_IRQHandler                    0x0800250c   Section        0  stm32f1xx_hal_uart.o(i.HAL_UART_IRQHandler)
    i.HAL_UART_Init                          0x0800261c   Section        0  stm32f1xx_hal_uart.o(i.HAL_UART_Init)
    i.HAL_UART_MspInit                       0x08002680   Section        0  stm32f1xx_hal_msp.o(i.HAL_UART_MspInit)
    i.HAL_UART_Receive_DMA                   0x0800273c   Section        0  stm32f1xx_hal_uart.o(i.HAL_UART_Receive_DMA)
    i.HAL_UART_RxCpltCallback                0x080027d4   Section        0  stm32f1xx_hal_uart.o(i.HAL_UART_RxCpltCallback)
    i.HAL_UART_RxHalfCpltCallback            0x080027d6   Section        0  stm32f1xx_hal_uart.o(i.HAL_UART_RxHalfCpltCallback)
    i.HAL_UART_Transmit_IT                   0x080027d8   Section        0  stm32f1xx_hal_uart.o(i.HAL_UART_Transmit_IT)
    i.HAL_UART_TxCpltCallback                0x08002816   Section        0  stm32f1xx_hal_uart.o(i.HAL_UART_TxCpltCallback)
    i.HardFault_Handler                      0x08002818   Section        0  stm32f1xx_it.o(i.HardFault_Handler)
    i.MX_ADC1_Init                           0x0800281c   Section        0  main.o(i.MX_ADC1_Init)
    MX_ADC1_Init                             0x0800281d   Thumb Code   100  main.o(i.MX_ADC1_Init)
    i.MX_GPIO_Init                           0x08002888   Section        0  main.o(i.MX_GPIO_Init)
    MX_GPIO_Init                             0x08002889   Thumb Code   198  main.o(i.MX_GPIO_Init)
    i.MX_TIM1_Init                           0x08002964   Section        0  main.o(i.MX_TIM1_Init)
    MX_TIM1_Init                             0x08002965   Thumb Code   150  main.o(i.MX_TIM1_Init)
    i.MX_TIM2_Init                           0x08002a04   Section        0  main.o(i.MX_TIM2_Init)
    MX_TIM2_Init                             0x08002a05   Thumb Code   112  main.o(i.MX_TIM2_Init)
    i.MX_TIM3_Init                           0x08002a78   Section        0  main.o(i.MX_TIM3_Init)
    MX_TIM3_Init                             0x08002a79   Thumb Code    78  main.o(i.MX_TIM3_Init)
    i.MX_TIM4_Init                           0x08002ad0   Section        0  main.o(i.MX_TIM4_Init)
    MX_TIM4_Init                             0x08002ad1   Thumb Code    76  main.o(i.MX_TIM4_Init)
    i.MemManage_Handler                      0x08002b24   Section        0  stm32f1xx_it.o(i.MemManage_Handler)
    i.Motor_Backward                         0x08002b28   Section        0  main.o(i.Motor_Backward)
    i.Motor_Forward                          0x08002b4c   Section        0  main.o(i.Motor_Forward)
    i.Motor_Off                              0x08002b6c   Section        0  main.o(i.Motor_Off)
    i.NMI_Handler                            0x08002b90   Section        0  stm32f1xx_it.o(i.NMI_Handler)
    i.NVIC_SetPriority                       0x08002b92   Section        0  stm32f1xx_hal_cortex.o(i.NVIC_SetPriority)
    NVIC_SetPriority                         0x08002b93   Thumb Code    32  stm32f1xx_hal_cortex.o(i.NVIC_SetPriority)
    i.Operator_blink                         0x08002bb4   Section        0  main.o(i.Operator_blink)
    i.PendSV_Handler                         0x08002bd0   Section        0  stm32f1xx_it.o(i.PendSV_Handler)
    i.SVC_Handler                            0x08002bd2   Section        0  stm32f1xx_it.o(i.SVC_Handler)
    i.SysTick_Handler                        0x08002bd4   Section        0  stm32f1xx_it.o(i.SysTick_Handler)
    i.SystemClock_Config                     0x08002be2   Section        0  main.o(i.SystemClock_Config)
    i.SystemInit                             0x08002c5c   Section        0  system_stm32f1xx.o(i.SystemInit)
    i.TIM2_IRQHandler                        0x08002ca4   Section        0  stm32f1xx_it.o(i.TIM2_IRQHandler)
    i.TIM3_IRQHandler                        0x08002cb0   Section        0  stm32f1xx_it.o(i.TIM3_IRQHandler)
    i.TIM4_IRQHandler                        0x08002cbc   Section        0  stm32f1xx_it.o(i.TIM4_IRQHandler)
    i.TIM_Base_SetConfig                     0x08002cc8   Section        0  stm32f1xx_hal_tim.o(i.TIM_Base_SetConfig)
    i.TIM_ETR_SetConfig                      0x08002d54   Section        0  stm32f1xx_hal_tim.o(i.TIM_ETR_SetConfig)
    TIM_ETR_SetConfig                        0x08002d55   Thumb Code    20  stm32f1xx_hal_tim.o(i.TIM_ETR_SetConfig)
    i.TIM_ITRx_SetConfig                     0x08002d68   Section        0  stm32f1xx_hal_tim.o(i.TIM_ITRx_SetConfig)
    TIM_ITRx_SetConfig                       0x08002d69   Thumb Code    16  stm32f1xx_hal_tim.o(i.TIM_ITRx_SetConfig)
    i.TIM_OC1_SetConfig                      0x08002d78   Section        0  stm32f1xx_hal_tim.o(i.TIM_OC1_SetConfig)
    TIM_OC1_SetConfig                        0x08002d79   Thumb Code    88  stm32f1xx_hal_tim.o(i.TIM_OC1_SetConfig)
    i.TIM_OC2_SetConfig                      0x08002dd8   Section        0  stm32f1xx_hal_tim.o(i.TIM_OC2_SetConfig)
    i.TIM_OC3_SetConfig                      0x08002e44   Section        0  stm32f1xx_hal_tim.o(i.TIM_OC3_SetConfig)
    TIM_OC3_SetConfig                        0x08002e45   Thumb Code    96  stm32f1xx_hal_tim.o(i.TIM_OC3_SetConfig)
    i.TIM_OC4_SetConfig                      0x08002eac   Section        0  stm32f1xx_hal_tim.o(i.TIM_OC4_SetConfig)
    TIM_OC4_SetConfig                        0x08002ead   Thumb Code    70  stm32f1xx_hal_tim.o(i.TIM_OC4_SetConfig)
    i.TIM_TI1_ConfigInputStage               0x08002efc   Section        0  stm32f1xx_hal_tim.o(i.TIM_TI1_ConfigInputStage)
    TIM_TI1_ConfigInputStage                 0x08002efd   Thumb Code    34  stm32f1xx_hal_tim.o(i.TIM_TI1_ConfigInputStage)
    i.TIM_TI2_ConfigInputStage               0x08002f1e   Section        0  stm32f1xx_hal_tim.o(i.TIM_TI2_ConfigInputStage)
    TIM_TI2_ConfigInputStage                 0x08002f1f   Thumb Code    36  stm32f1xx_hal_tim.o(i.TIM_TI2_ConfigInputStage)
    i.UART_DMAAbortOnError                   0x08002f42   Section        0  stm32f1xx_hal_uart.o(i.UART_DMAAbortOnError)
    UART_DMAAbortOnError                     0x08002f43   Thumb Code    16  stm32f1xx_hal_uart.o(i.UART_DMAAbortOnError)
    i.UART_DMAError                          0x08002f52   Section        0  stm32f1xx_hal_uart.o(i.UART_DMAError)
    UART_DMAError                            0x08002f53   Thumb Code    74  stm32f1xx_hal_uart.o(i.UART_DMAError)
    i.UART_DMAReceiveCplt                    0x08002f9c   Section        0  stm32f1xx_hal_uart.o(i.UART_DMAReceiveCplt)
    UART_DMAReceiveCplt                      0x08002f9d   Thumb Code    60  stm32f1xx_hal_uart.o(i.UART_DMAReceiveCplt)
    i.UART_DMARxHalfCplt                     0x08002fd8   Section        0  stm32f1xx_hal_uart.o(i.UART_DMARxHalfCplt)
    UART_DMARxHalfCplt                       0x08002fd9   Thumb Code    10  stm32f1xx_hal_uart.o(i.UART_DMARxHalfCplt)
    i.UART_EndRxTransfer                     0x08002fe2   Section        0  stm32f1xx_hal_uart.o(i.UART_EndRxTransfer)
    UART_EndRxTransfer                       0x08002fe3   Thumb Code    28  stm32f1xx_hal_uart.o(i.UART_EndRxTransfer)
    i.UART_EndTxTransfer                     0x08002ffe   Section        0  stm32f1xx_hal_uart.o(i.UART_EndTxTransfer)
    UART_EndTxTransfer                       0x08002fff   Thumb Code    18  stm32f1xx_hal_uart.o(i.UART_EndTxTransfer)
    i.UART_Receive_IT                        0x08003010   Section        0  stm32f1xx_hal_uart.o(i.UART_Receive_IT)
    UART_Receive_IT                          0x08003011   Thumb Code   150  stm32f1xx_hal_uart.o(i.UART_Receive_IT)
    i.UART_SetConfig                         0x080030a8   Section        0  stm32f1xx_hal_uart.o(i.UART_SetConfig)
    UART_SetConfig                           0x080030a9   Thumb Code   364  stm32f1xx_hal_uart.o(i.UART_SetConfig)
    i.UART_Transmit_IT                       0x08003218   Section        0  stm32f1xx_hal_uart.o(i.UART_Transmit_IT)
    UART_Transmit_IT                         0x08003219   Thumb Code    98  stm32f1xx_hal_uart.o(i.UART_Transmit_IT)
    i.USART1_IRQHandler                      0x0800327c   Section        0  stm32f1xx_it.o(i.USART1_IRQHandler)
    i.UsageFault_Handler                     0x08003288   Section        0  stm32f1xx_it.o(i.UsageFault_Handler)
    i._Error_Handler                         0x0800328a   Section        0  main.o(i._Error_Handler)
    i.__0snprintf                            0x0800328c   Section        0  printfa.o(i.__0snprintf)
    i.__ARM_fpclassify                       0x080032bc   Section        0  fpclassify.o(i.__ARM_fpclassify)
    i.__kernel_poly                          0x080032e4   Section        0  poly.o(i.__kernel_poly)
    i.__mathlib_dbl_divzero                  0x08003390   Section        0  dunder.o(i.__mathlib_dbl_divzero)
    i.__mathlib_dbl_infnan                   0x080033a0   Section        0  dunder.o(i.__mathlib_dbl_infnan)
    i.__mathlib_dbl_infnan2                  0x080033a6   Section        0  dunder.o(i.__mathlib_dbl_infnan2)
    i.__mathlib_dbl_invalid                  0x080033aa   Section        0  dunder.o(i.__mathlib_dbl_invalid)
    i.__mathlib_dbl_overflow                 0x080033b6   Section        0  dunder.o(i.__mathlib_dbl_overflow)
    i.__mathlib_dbl_underflow                0x080033c4   Section        0  dunder.o(i.__mathlib_dbl_underflow)
    i.__scatterload_copy                     0x080033d4   Section       14  handlers.o(i.__scatterload_copy)
    i.__scatterload_null                     0x080033e2   Section        2  handlers.o(i.__scatterload_null)
    i.__scatterload_zeroinit                 0x080033e4   Section       14  handlers.o(i.__scatterload_zeroinit)
    i.__set_errno                            0x080033f4   Section        0  errno.o(i.__set_errno)
    i._fp_digits                             0x08003400   Section        0  printfa.o(i._fp_digits)
    _fp_digits                               0x08003401   Thumb Code   366  printfa.o(i._fp_digits)
    i._printf_core                           0x08003584   Section        0  printfa.o(i._printf_core)
    _printf_core                             0x08003585   Thumb Code  1744  printfa.o(i._printf_core)
    i._printf_post_padding                   0x08003c60   Section        0  printfa.o(i._printf_post_padding)
    _printf_post_padding                     0x08003c61   Thumb Code    36  printfa.o(i._printf_post_padding)
    i._printf_pre_padding                    0x08003c84   Section        0  printfa.o(i._printf_pre_padding)
    _printf_pre_padding                      0x08003c85   Thumb Code    46  printfa.o(i._printf_pre_padding)
    i._snputc                                0x08003cb2   Section        0  printfa.o(i._snputc)
    _snputc                                  0x08003cb3   Thumb Code    22  printfa.o(i._snputc)
    i.battery_indicator                      0x08003cc8   Section        0  main.o(i.battery_indicator)
    i.delay_us                               0x08003db8   Section        0  main.o(i.delay_us)
    i.error_blink                            0x08003dcc   Section        0  main.o(i.error_blink)
    i.get_data                               0x08003dfc   Section        0  main.o(i.get_data)
    i.log                                    0x08003ea4   Section        0  log.o(i.log)
    i.main                                   0x08004200   Section        0  main.o(i.main)
    i.pow                                    0x080048a8   Section        0  pow.o(i.pow)
    i.sqrt                                   0x08005280   Section        0  sqrt.o(i.sqrt)
    i.temp_calculate                         0x080052cc   Section        0  main.o(i.temp_calculate)
    .constdata                               0x0800536c   Section       16  system_stm32f1xx.o(.constdata)
    .constdata                               0x0800537c   Section        8  system_stm32f1xx.o(.constdata)
    .constdata                               0x08005388   Section       56  log.o(.constdata)
    Lg2                                      0x08005388   Data          24  log.o(.constdata)
    Lg                                       0x080053a0   Data          32  log.o(.constdata)
    .constdata                               0x080053c0   Section      136  pow.o(.constdata)
    bp                                       0x080053c0   Data          16  pow.o(.constdata)
    dp_h                                     0x080053d0   Data          16  pow.o(.constdata)
    dp_l                                     0x080053e0   Data          16  pow.o(.constdata)
    L                                        0x080053f0   Data          48  pow.o(.constdata)
    P                                        0x08005420   Data          40  pow.o(.constdata)
    .constdata                               0x08005448   Section        8  qnan.o(.constdata)
    .data                                    0x20000000   Section        4  system_stm32f1xx.o(.data)
    .data                                    0x20000004   Section       42  main.o(.data)
    .data                                    0x20000030   Section        4  stm32f1xx_hal.o(.data)
    .data                                    0x20000034   Section        4  errno.o(.data)
    _errno                                   0x20000034   Data           4  errno.o(.data)
    .bss                                     0x20000038   Section      468  main.o(.bss)
    .bss                                     0x2000020c   Section       68  main.o(.bss)
    .bss                                     0x20000250   Section       68  main.o(.bss)
    STACK                                    0x20000298   Section     1024  startup_stm32f103xe.o(STACK)

    Global Symbols

    Symbol Name                              Value     Ov Type        Size  Object(Section)

    BuildAttributes$$THM_ISAv4$P$D$K$B$S$PE$A:L22UL41UL21$X:L11$S22US41US21$IEEE1$IW$USESV6$~STKCKD$USESV7$~SHL$OTIME$ROPI$IEEEX$EBA8$MICROLIB$REQ8$PRES8$EABIv2 0x00000000   Number         0  anon$$obj.o ABSOLUTE
    __ARM_use_no_argv                        0x00000000   Number         0  main.o ABSOLUTE
    _printf_a                                0x00000000   Number         0  stubs.o ABSOLUTE
    _printf_c                                0x00000000   Number         0  stubs.o ABSOLUTE
    _printf_charcount                        0x00000000   Number         0  stubs.o ABSOLUTE
    _printf_d                                0x00000000   Number         0  stubs.o ABSOLUTE
    _printf_e                                0x00000000   Number         0  stubs.o ABSOLUTE
    _printf_f                                0x00000000   Number         0  stubs.o ABSOLUTE
    _printf_flags                            0x00000000   Number         0  stubs.o ABSOLUTE
    _printf_fp_dec                           0x00000000   Number         0  stubs.o ABSOLUTE
    _printf_fp_hex                           0x00000000   Number         0  stubs.o ABSOLUTE
    _printf_g                                0x00000000   Number         0  stubs.o ABSOLUTE
    _printf_i                                0x00000000   Number         0  stubs.o ABSOLUTE
    _printf_int_dec                          0x00000000   Number         0  stubs.o ABSOLUTE
    _printf_l                                0x00000000   Number         0  stubs.o ABSOLUTE
    _printf_lc                               0x00000000   Number         0  stubs.o ABSOLUTE
    _printf_ll                               0x00000000   Number         0  stubs.o ABSOLUTE
    _printf_lld                              0x00000000   Number         0  stubs.o ABSOLUTE
    _printf_lli                              0x00000000   Number         0  stubs.o ABSOLUTE
    _printf_llo                              0x00000000   Number         0  stubs.o ABSOLUTE
    _printf_llu                              0x00000000   Number         0  stubs.o ABSOLUTE
    _printf_llx                              0x00000000   Number         0  stubs.o ABSOLUTE
    _printf_longlong_dec                     0x00000000   Number         0  stubs.o ABSOLUTE
    _printf_longlong_hex                     0x00000000   Number         0  stubs.o ABSOLUTE
    _printf_longlong_oct                     0x00000000   Number         0  stubs.o ABSOLUTE
    _printf_ls                               0x00000000   Number         0  stubs.o ABSOLUTE
    _printf_mbtowc                           0x00000000   Number         0  stubs.o ABSOLUTE
    _printf_n                                0x00000000   Number         0  stubs.o ABSOLUTE
    _printf_o                                0x00000000   Number         0  stubs.o ABSOLUTE
    _printf_p                                0x00000000   Number         0  stubs.o ABSOLUTE
    _printf_percent                          0x00000000   Number         0  stubs.o ABSOLUTE
    _printf_pre_padding                      0x00000000   Number         0  stubs.o ABSOLUTE
    _printf_return_value                     0x00000000   Number         0  stubs.o ABSOLUTE
    _printf_s                                0x00000000   Number         0  stubs.o ABSOLUTE
    _printf_sizespec                         0x00000000   Number         0  stubs.o ABSOLUTE
    _printf_str                              0x00000000   Number         0  stubs.o ABSOLUTE
    _printf_truncate_signed                  0x00000000   Number         0  stubs.o ABSOLUTE
    _printf_truncate_unsigned                0x00000000   Number         0  stubs.o ABSOLUTE
    _printf_u                                0x00000000   Number         0  stubs.o ABSOLUTE
    _printf_wc                               0x00000000   Number         0  stubs.o ABSOLUTE
    _printf_wctomb                           0x00000000   Number         0  stubs.o ABSOLUTE
    _printf_widthprec                        0x00000000   Number         0  stubs.o ABSOLUTE
    _printf_x                                0x00000000   Number         0  stubs.o ABSOLUTE
    __cpp_initialize__aeabi_                  - Undefined Weak Reference
    __cxa_finalize                            - Undefined Weak Reference
    __decompress                              - Undefined Weak Reference
    _clock_init                               - Undefined Weak Reference
    _microlib_exit                            - Undefined Weak Reference
    __Vectors_Size                           0x00000130   Number         0  startup_stm32f103xe.o ABSOLUTE
    __Vectors                                0x08000000   Data           4  startup_stm32f103xe.o(RESET)
    __Vectors_End                            0x08000130   Data           0  startup_stm32f103xe.o(RESET)
    __main                                   0x08000131   Thumb Code     0  entry.o(.ARM.Collect$$$$00000000)
    _main_stk                                0x08000131   Thumb Code     0  entry2.o(.ARM.Collect$$$$00000001)
    _main_scatterload                        0x08000135   Thumb Code     0  entry5.o(.ARM.Collect$$$$00000004)
    __main_after_scatterload                 0x08000139   Thumb Code     0  entry5.o(.ARM.Collect$$$$00000004)
    _main_clock                              0x08000139   Thumb Code     0  entry7b.o(.ARM.Collect$$$$00000008)
    _main_cpp_init                           0x08000139   Thumb Code     0  entry8b.o(.ARM.Collect$$$$0000000A)
    _main_init                               0x08000139   Thumb Code     0  entry9a.o(.ARM.Collect$$$$0000000B)
    __rt_final_cpp                           0x08000141   Thumb Code     0  entry10a.o(.ARM.Collect$$$$0000000D)
    __rt_final_exit                          0x08000141   Thumb Code     0  entry11a.o(.ARM.Collect$$$$0000000F)
    Reset_Handler                            0x08000145   Thumb Code     8  startup_stm32f103xe.o(.text)
    ADC3_IRQHandler                          0x0800015f   Thumb Code     0  startup_stm32f103xe.o(.text)
    CAN1_RX1_IRQHandler                      0x0800015f   Thumb Code     0  startup_stm32f103xe.o(.text)
    CAN1_SCE_IRQHandler                      0x0800015f   Thumb Code     0  startup_stm32f103xe.o(.text)
    DMA1_Channel2_IRQHandler                 0x0800015f   Thumb Code     0  startup_stm32f103xe.o(.text)
    DMA1_Channel3_IRQHandler                 0x0800015f   Thumb Code     0  startup_stm32f103xe.o(.text)
    DMA1_Channel4_IRQHandler                 0x0800015f   Thumb Code     0  startup_stm32f103xe.o(.text)
    DMA1_Channel6_IRQHandler                 0x0800015f   Thumb Code     0  startup_stm32f103xe.o(.text)
    DMA1_Channel7_IRQHandler                 0x0800015f   Thumb Code     0  startup_stm32f103xe.o(.text)
    DMA2_Channel1_IRQHandler                 0x0800015f   Thumb Code     0  startup_stm32f103xe.o(.text)
    DMA2_Channel2_IRQHandler                 0x0800015f   Thumb Code     0  startup_stm32f103xe.o(.text)
    DMA2_Channel3_IRQHandler                 0x0800015f   Thumb Code     0  startup_stm32f103xe.o(.text)
    DMA2_Channel4_5_IRQHandler               0x0800015f   Thumb Code     0  startup_stm32f103xe.o(.text)
    EXTI0_IRQHandler                         0x0800015f   Thumb Code     0  startup_stm32f103xe.o(.text)
    EXTI15_10_IRQHandler                     0x0800015f   Thumb Code     0  startup_stm32f103xe.o(.text)
    EXTI1_IRQHandler                         0x0800015f   Thumb Code     0  startup_stm32f103xe.o(.text)
    EXTI2_IRQHandler                         0x0800015f   Thumb Code     0  startup_stm32f103xe.o(.text)
    EXTI3_IRQHandler                         0x0800015f   Thumb Code     0  startup_stm32f103xe.o(.text)
    EXTI4_IRQHandler                         0x0800015f   Thumb Code     0  startup_stm32f103xe.o(.text)
    EXTI9_5_IRQHandler                       0x0800015f   Thumb Code     0  startup_stm32f103xe.o(.text)
    FLASH_IRQHandler                         0x0800015f   Thumb Code     0  startup_stm32f103xe.o(.text)
    FSMC_IRQHandler                          0x0800015f   Thumb Code     0  startup_stm32f103xe.o(.text)
    I2C1_ER_IRQHandler                       0x0800015f   Thumb Code     0  startup_stm32f103xe.o(.text)
    I2C1_EV_IRQHandler                       0x0800015f   Thumb Code     0  startup_stm32f103xe.o(.text)
    I2C2_ER_IRQHandler                       0x0800015f   Thumb Code     0  startup_stm32f103xe.o(.text)
    I2C2_EV_IRQHandler                       0x0800015f   Thumb Code     0  startup_stm32f103xe.o(.text)
    PVD_IRQHandler                           0x0800015f   Thumb Code     0  startup_stm32f103xe.o(.text)
    RCC_IRQHandler                           0x0800015f   Thumb Code     0  startup_stm32f103xe.o(.text)
    RTC_Alarm_IRQHandler                     0x0800015f   Thumb Code     0  startup_stm32f103xe.o(.text)
    RTC_IRQHandler                           0x0800015f   Thumb Code     0  startup_stm32f103xe.o(.text)
    SDIO_IRQHandler                          0x0800015f   Thumb Code     0  startup_stm32f103xe.o(.text)
    SPI1_IRQHandler                          0x0800015f   Thumb Code     0  startup_stm32f103xe.o(.text)
    SPI2_IRQHandler                          0x0800015f   Thumb Code     0  startup_stm32f103xe.o(.text)
    SPI3_IRQHandler                          0x0800015f   Thumb Code     0  startup_stm32f103xe.o(.text)
    TAMPER_IRQHandler                        0x0800015f   Thumb Code     0  startup_stm32f103xe.o(.text)
    TIM1_BRK_IRQHandler                      0x0800015f   Thumb Code     0  startup_stm32f103xe.o(.text)
    TIM1_CC_IRQHandler                       0x0800015f   Thumb Code     0  startup_stm32f103xe.o(.text)
    TIM1_TRG_COM_IRQHandler                  0x0800015f   Thumb Code     0  startup_stm32f103xe.o(.text)
    TIM1_UP_IRQHandler                       0x0800015f   Thumb Code     0  startup_stm32f103xe.o(.text)
    TIM5_IRQHandler                          0x0800015f   Thumb Code     0  startup_stm32f103xe.o(.text)
    TIM6_IRQHandler                          0x0800015f   Thumb Code     0  startup_stm32f103xe.o(.text)
    TIM7_IRQHandler                          0x0800015f   Thumb Code     0  startup_stm32f103xe.o(.text)
    TIM8_BRK_IRQHandler                      0x0800015f   Thumb Code     0  startup_stm32f103xe.o(.text)
    TIM8_CC_IRQHandler                       0x0800015f   Thumb Code     0  startup_stm32f103xe.o(.text)
    TIM8_TRG_COM_IRQHandler                  0x0800015f   Thumb Code     0  startup_stm32f103xe.o(.text)
    TIM8_UP_IRQHandler                       0x0800015f   Thumb Code     0  startup_stm32f103xe.o(.text)
    UART4_IRQHandler                         0x0800015f   Thumb Code     0  startup_stm32f103xe.o(.text)
    UART5_IRQHandler                         0x0800015f   Thumb Code     0  startup_stm32f103xe.o(.text)
    USART2_IRQHandler                        0x0800015f   Thumb Code     0  startup_stm32f103xe.o(.text)
    USART3_IRQHandler                        0x0800015f   Thumb Code     0  startup_stm32f103xe.o(.text)
    USBWakeUp_IRQHandler                     0x0800015f   Thumb Code     0  startup_stm32f103xe.o(.text)
    USB_HP_CAN1_TX_IRQHandler                0x0800015f   Thumb Code     0  startup_stm32f103xe.o(.text)
    USB_LP_CAN1_RX0_IRQHandler               0x0800015f   Thumb Code     0  startup_stm32f103xe.o(.text)
    WWDG_IRQHandler                          0x0800015f   Thumb Code     0  startup_stm32f103xe.o(.text)
    __aeabi_llsr                             0x08000169   Thumb Code    32  llushr.o(.text)
    _ll_ushift_r                             0x08000169   Thumb Code     0  llushr.o(.text)
    __aeabi_fadd                             0x08000189   Thumb Code   164  fadd.o(.text)
    __aeabi_fsub                             0x0800022d   Thumb Code     6  fadd.o(.text)
    __aeabi_frsub                            0x08000233   Thumb Code     6  fadd.o(.text)
    __aeabi_fmul                             0x08000239   Thumb Code   100  fmul.o(.text)
    __ARM_scalbnf                            0x0800029d   Thumb Code    24  fscalb.o(.text)
    scalbnf                                  0x0800029d   Thumb Code     0  fscalb.o(.text)
    __aeabi_dadd                             0x080002b5   Thumb Code   322  dadd.o(.text)
    __aeabi_dsub                             0x080003f7   Thumb Code     6  dadd.o(.text)
    __aeabi_drsub                            0x080003fd   Thumb Code     6  dadd.o(.text)
    __aeabi_dmul                             0x08000403   Thumb Code   228  dmul.o(.text)
    __aeabi_ddiv                             0x080004e7   Thumb Code   222  ddiv.o(.text)
    __aeabi_ui2f                             0x080005c5   Thumb Code    10  ffltui.o(.text)
    __aeabi_i2d                              0x080005cf   Thumb Code    34  dflti.o(.text)
    __aeabi_d2iz                             0x080005f1   Thumb Code    62  dfixi.o(.text)
    __aeabi_f2d                              0x0800062f   Thumb Code    38  f2d.o(.text)
    __aeabi_d2f                              0x08000655   Thumb Code    56  d2f.o(.text)
    __aeabi_uidiv                            0x0800068d   Thumb Code     0  uidiv.o(.text)
    __aeabi_uidivmod                         0x0800068d   Thumb Code    44  uidiv.o(.text)
    __aeabi_uldivmod                         0x080006b9   Thumb Code    98  uldiv.o(.text)
    __aeabi_llsl                             0x0800071b   Thumb Code    30  llshl.o(.text)
    _ll_shift_l                              0x0800071b   Thumb Code     0  llshl.o(.text)
    __aeabi_lasr                             0x08000739   Thumb Code    36  llsshr.o(.text)
    _ll_sshift_r                             0x08000739   Thumb Code     0  llsshr.o(.text)
    __I$use$fp                               0x0800075d   Thumb Code     0  iusefp.o(.text)
    _float_round                             0x0800075d   Thumb Code    18  fepilogue.o(.text)
    _float_epilogue                          0x0800076f   Thumb Code    92  fepilogue.o(.text)
    _double_round                            0x080007cb   Thumb Code    30  depilogue.o(.text)
    _double_epilogue                         0x080007e9   Thumb Code   156  depilogue.o(.text)
    __ARM_scalbn                             0x08000885   Thumb Code    46  dscalb.o(.text)
    scalbn                                   0x08000885   Thumb Code     0  dscalb.o(.text)
    __aeabi_d2ulz                            0x080008b3   Thumb Code    48  dfixul.o(.text)
    __aeabi_cdcmpeq                          0x080008e5   Thumb Code     0  cdcmple.o(.text)
    __aeabi_cdcmple                          0x080008e5   Thumb Code    48  cdcmple.o(.text)
    __aeabi_cdrcmple                         0x08000915   Thumb Code    48  cdrcmple.o(.text)
    __scatterload                            0x08000945   Thumb Code    28  init.o(.text)
    __scatterload_rt2                        0x08000945   Thumb Code     0  init.o(.text)
    _dsqrt                                   0x08000969   Thumb Code   162  dsqrt.o(.text)
    ADC1_2_IRQHandler                        0x08000a0d   Thumb Code     6  stm32f1xx_it.o(i.ADC1_2_IRQHandler)
    ADC_ConversionStop_Disable               0x08000a19   Thumb Code    76  stm32f1xx_hal_adc.o(i.ADC_ConversionStop_Disable)
    ADC_DMAConvCplt                          0x08000a65   Thumb Code    78  stm32f1xx_hal_adc.o(i.ADC_DMAConvCplt)
    ADC_DMAError                             0x08000ab3   Thumb Code    26  stm32f1xx_hal_adc.o(i.ADC_DMAError)
    ADC_DMAHalfConvCplt                      0x08000acd   Thumb Code    10  stm32f1xx_hal_adc.o(i.ADC_DMAHalfConvCplt)
    ADC_Enable                               0x08000ad9   Thumb Code   104  stm32f1xx_hal_adc.o(i.ADC_Enable)
    BusFault_Handler                         0x08000b49   Thumb Code     2  stm32f1xx_it.o(i.BusFault_Handler)
    DMA1_Channel1_IRQHandler                 0x08000b4d   Thumb Code     6  stm32f1xx_it.o(i.DMA1_Channel1_IRQHandler)
    DMA1_Channel5_IRQHandler                 0x08000b59   Thumb Code     6  stm32f1xx_it.o(i.DMA1_Channel5_IRQHandler)
    DebugMon_Handler                         0x08000b8f   Thumb Code     2  stm32f1xx_it.o(i.DebugMon_Handler)
    HAL_ADCEx_InjectedConvCpltCallback       0x08000b91   Thumb Code     2  stm32f1xx_hal_adc_ex.o(i.HAL_ADCEx_InjectedConvCpltCallback)
    HAL_ADC_ConfigChannel                    0x08000b95   Thumb Code   240  stm32f1xx_hal_adc.o(i.HAL_ADC_ConfigChannel)
    HAL_ADC_ConvCpltCallback                 0x08000c91   Thumb Code     2  stm32f1xx_hal_adc.o(i.HAL_ADC_ConvCpltCallback)
    HAL_ADC_ConvHalfCpltCallback             0x08000c93   Thumb Code     2  stm32f1xx_hal_adc.o(i.HAL_ADC_ConvHalfCpltCallback)
    HAL_ADC_ErrorCallback                    0x08000c95   Thumb Code     2  stm32f1xx_hal_adc.o(i.HAL_ADC_ErrorCallback)
    HAL_ADC_IRQHandler                       0x08000c97   Thumb Code   230  stm32f1xx_hal_adc.o(i.HAL_ADC_IRQHandler)
    HAL_ADC_Init                             0x08000d7d   Thumb Code   272  stm32f1xx_hal_adc.o(i.HAL_ADC_Init)
    HAL_ADC_LevelOutOfWindowCallback         0x08000e9d   Thumb Code     2  stm32f1xx_hal_adc.o(i.HAL_ADC_LevelOutOfWindowCallback)
    HAL_ADC_MspInit                          0x08000ea1   Thumb Code   130  stm32f1xx_hal_msp.o(i.HAL_ADC_MspInit)
    HAL_ADC_Start_DMA                        0x08000f59   Thumb Code   246  stm32f1xx_hal_adc.o(i.HAL_ADC_Start_DMA)
    HAL_DMA_Abort_IT                         0x08001065   Thumb Code   296  stm32f1xx_hal_dma.o(i.HAL_DMA_Abort_IT)
    HAL_DMA_IRQHandler                       0x08001195   Thumb Code   552  stm32f1xx_hal_dma.o(i.HAL_DMA_IRQHandler)
    HAL_DMA_Init                             0x080013dd   Thumb Code   120  stm32f1xx_hal_dma.o(i.HAL_DMA_Init)
    HAL_DMA_Start_IT                         0x08001461   Thumb Code   112  stm32f1xx_hal_dma.o(i.HAL_DMA_Start_IT)
    HAL_Delay                                0x080014d1   Thumb Code    28  stm32f1xx_hal.o(i.HAL_Delay)
    HAL_GPIO_Init                            0x080014ed   Thumb Code   446  stm32f1xx_hal_gpio.o(i.HAL_GPIO_Init)
    HAL_GPIO_ReadPin                         0x080016d5   Thumb Code    10  stm32f1xx_hal_gpio.o(i.HAL_GPIO_ReadPin)
    HAL_GPIO_TogglePin                       0x080016df   Thumb Code     8  stm32f1xx_hal_gpio.o(i.HAL_GPIO_TogglePin)
    HAL_GPIO_WritePin                        0x080016e7   Thumb Code    10  stm32f1xx_hal_gpio.o(i.HAL_GPIO_WritePin)
    HAL_GetTick                              0x080016f1   Thumb Code     6  stm32f1xx_hal.o(i.HAL_GetTick)
    HAL_IncTick                              0x080016fd   Thumb Code    10  stm32f1xx_hal.o(i.HAL_IncTick)
    HAL_Init                                 0x0800170d   Thumb Code    32  stm32f1xx_hal.o(i.HAL_Init)
    HAL_InitTick                             0x08001731   Thumb Code    34  stm32f1xx_hal.o(i.HAL_InitTick)
    HAL_MspInit                              0x08001759   Thumb Code   122  stm32f1xx_hal_msp.o(i.HAL_MspInit)
    HAL_NVIC_EnableIRQ                       0x080017dd   Thumb Code    22  stm32f1xx_hal_cortex.o(i.HAL_NVIC_EnableIRQ)
    HAL_NVIC_SetPriority                     0x080017f5   Thumb Code    60  stm32f1xx_hal_cortex.o(i.HAL_NVIC_SetPriority)
    HAL_NVIC_SetPriorityGrouping             0x08001835   Thumb Code    26  stm32f1xx_hal_cortex.o(i.HAL_NVIC_SetPriorityGrouping)
    HAL_RCCEx_PeriphCLKConfig                0x08001859   Thumb Code   224  stm32f1xx_hal_rcc_ex.o(i.HAL_RCCEx_PeriphCLKConfig)
    HAL_RCC_ClockConfig                      0x08001945   Thumb Code   322  stm32f1xx_hal_rcc.o(i.HAL_RCC_ClockConfig)
    HAL_RCC_GetHCLKFreq                      0x08001a99   Thumb Code     6  stm32f1xx_hal_rcc.o(i.HAL_RCC_GetHCLKFreq)
    HAL_RCC_GetPCLK1Freq                     0x08001aa5   Thumb Code    20  stm32f1xx_hal_rcc.o(i.HAL_RCC_GetPCLK1Freq)
    HAL_RCC_GetPCLK2Freq                     0x08001ac5   Thumb Code    20  stm32f1xx_hal_rcc.o(i.HAL_RCC_GetPCLK2Freq)
    HAL_RCC_GetSysClockFreq                  0x08001ae5   Thumb Code    74  stm32f1xx_hal_rcc.o(i.HAL_RCC_GetSysClockFreq)
    HAL_RCC_OscConfig                        0x08001b51   Thumb Code   750  stm32f1xx_hal_rcc.o(i.HAL_RCC_OscConfig)
    HAL_SYSTICK_CLKSourceConfig              0x08001e55   Thumb Code    24  stm32f1xx_hal_cortex.o(i.HAL_SYSTICK_CLKSourceConfig)
    HAL_SYSTICK_Callback                     0x08001e6d   Thumb Code     2  stm32f1xx_hal_cortex.o(i.HAL_SYSTICK_Callback)
    HAL_SYSTICK_Config                       0x08001e6f   Thumb Code    40  stm32f1xx_hal_cortex.o(i.HAL_SYSTICK_Config)
    HAL_SYSTICK_IRQHandler                   0x08001e97   Thumb Code     8  stm32f1xx_hal_cortex.o(i.HAL_SYSTICK_IRQHandler)
    HAL_TIMEx_BreakCallback                  0x08001e9f   Thumb Code     2  stm32f1xx_hal_tim_ex.o(i.HAL_TIMEx_BreakCallback)
    HAL_TIMEx_CommutationCallback            0x08001ea1   Thumb Code     2  stm32f1xx_hal_tim_ex.o(i.HAL_TIMEx_CommutationCallback)
    HAL_TIMEx_ConfigBreakDeadTime            0x08001ea3   Thumb Code    90  stm32f1xx_hal_tim_ex.o(i.HAL_TIMEx_ConfigBreakDeadTime)
    HAL_TIMEx_MasterConfigSynchronization    0x08001efd   Thumb Code    80  stm32f1xx_hal_tim_ex.o(i.HAL_TIMEx_MasterConfigSynchronization)
    HAL_TIM_Base_Init                        0x08001f4d   Thumb Code    54  stm32f1xx_hal_tim.o(i.HAL_TIM_Base_Init)
    HAL_TIM_Base_MspInit                     0x08001f85   Thumb Code   144  stm32f1xx_hal_msp.o(i.HAL_TIM_Base_MspInit)
    HAL_TIM_Base_Start                       0x08002025   Thumb Code    26  stm32f1xx_hal_tim.o(i.HAL_TIM_Base_Start)
    HAL_TIM_Base_Start_IT                    0x0800203f   Thumb Code    24  stm32f1xx_hal_tim.o(i.HAL_TIM_Base_Start_IT)
    HAL_TIM_ConfigClockSource                0x08002057   Thumb Code   242  stm32f1xx_hal_tim.o(i.HAL_TIM_ConfigClockSource)
    HAL_TIM_IC_CaptureCallback               0x08002149   Thumb Code     2  stm32f1xx_hal_tim.o(i.HAL_TIM_IC_CaptureCallback)
    HAL_TIM_IRQHandler                       0x0800214b   Thumb Code   358  stm32f1xx_hal_tim.o(i.HAL_TIM_IRQHandler)
    HAL_TIM_MspPostInit                      0x080022b1   Thumb Code    30  stm32f1xx_hal_msp.o(i.HAL_TIM_MspPostInit)
    HAL_TIM_OC_ConfigChannel                 0x080022d9   Thumb Code    86  stm32f1xx_hal_tim.o(i.HAL_TIM_OC_ConfigChannel)
    HAL_TIM_OC_DelayElapsedCallback          0x0800232f   Thumb Code     2  stm32f1xx_hal_tim.o(i.HAL_TIM_OC_DelayElapsedCallback)
    HAL_TIM_OC_Init                          0x08002331   Thumb Code    54  stm32f1xx_hal_tim.o(i.HAL_TIM_OC_Init)
    HAL_TIM_OC_MspInit                       0x08002367   Thumb Code     2  stm32f1xx_hal_tim.o(i.HAL_TIM_OC_MspInit)
    HAL_TIM_PWM_ConfigChannel                0x08002369   Thumb Code   208  stm32f1xx_hal_tim.o(i.HAL_TIM_PWM_ConfigChannel)
    HAL_TIM_PWM_Init                         0x08002439   Thumb Code    54  stm32f1xx_hal_tim.o(i.HAL_TIM_PWM_Init)
    HAL_TIM_PWM_MspInit                      0x0800246f   Thumb Code     2  stm32f1xx_hal_tim.o(i.HAL_TIM_PWM_MspInit)
    HAL_TIM_PWM_PulseFinishedCallback        0x08002471   Thumb Code     2  stm32f1xx_hal_tim.o(i.HAL_TIM_PWM_PulseFinishedCallback)
    HAL_TIM_PeriodElapsedCallback            0x08002475   Thumb Code   128  main.o(i.HAL_TIM_PeriodElapsedCallback)
    HAL_TIM_TriggerCallback                  0x08002509   Thumb Code     2  stm32f1xx_hal_tim.o(i.HAL_TIM_TriggerCallback)
    HAL_UART_ErrorCallback                   0x0800250b   Thumb Code     2  stm32f1xx_hal_uart.o(i.HAL_UART_ErrorCallback)
    HAL_UART_IRQHandler                      0x0800250d   Thumb Code   266  stm32f1xx_hal_uart.o(i.HAL_UART_IRQHandler)
    HAL_UART_Init                            0x0800261d   Thumb Code    98  stm32f1xx_hal_uart.o(i.HAL_UART_Init)
    HAL_UART_MspInit                         0x08002681   Thumb Code   140  stm32f1xx_hal_msp.o(i.HAL_UART_MspInit)
    HAL_UART_Receive_DMA                     0x0800273d   Thumb Code   138  stm32f1xx_hal_uart.o(i.HAL_UART_Receive_DMA)
    HAL_UART_RxCpltCallback                  0x080027d5   Thumb Code     2  stm32f1xx_hal_uart.o(i.HAL_UART_RxCpltCallback)
    HAL_UART_RxHalfCpltCallback              0x080027d7   Thumb Code     2  stm32f1xx_hal_uart.o(i.HAL_UART_RxHalfCpltCallback)
    HAL_UART_Transmit_IT                     0x080027d9   Thumb Code    62  stm32f1xx_hal_uart.o(i.HAL_UART_Transmit_IT)
    HAL_UART_TxCpltCallback                  0x08002817   Thumb Code     2  stm32f1xx_hal_uart.o(i.HAL_UART_TxCpltCallback)
    HardFault_Handler                        0x08002819   Thumb Code     2  stm32f1xx_it.o(i.HardFault_Handler)
    MemManage_Handler                        0x08002b25   Thumb Code     2  stm32f1xx_it.o(i.MemManage_Handler)
    Motor_Backward                           0x08002b29   Thumb Code    30  main.o(i.Motor_Backward)
    Motor_Forward                            0x08002b4d   Thumb Code    28  main.o(i.Motor_Forward)
    Motor_Off                                0x08002b6d   Thumb Code    30  main.o(i.Motor_Off)
    NMI_Handler                              0x08002b91   Thumb Code     2  stm32f1xx_it.o(i.NMI_Handler)
    Operator_blink                           0x08002bb5   Thumb Code    24  main.o(i.Operator_blink)
    PendSV_Handler                           0x08002bd1   Thumb Code     2  stm32f1xx_it.o(i.PendSV_Handler)
    SVC_Handler                              0x08002bd3   Thumb Code     2  stm32f1xx_it.o(i.SVC_Handler)
    SysTick_Handler                          0x08002bd5   Thumb Code    14  stm32f1xx_it.o(i.SysTick_Handler)
    SystemClock_Config                       0x08002be3   Thumb Code   122  main.o(i.SystemClock_Config)
    SystemInit                               0x08002c5d   Thumb Code    56  system_stm32f1xx.o(i.SystemInit)
    TIM2_IRQHandler                          0x08002ca5   Thumb Code     6  stm32f1xx_it.o(i.TIM2_IRQHandler)
    TIM3_IRQHandler                          0x08002cb1   Thumb Code     6  stm32f1xx_it.o(i.TIM3_IRQHandler)
    TIM4_IRQHandler                          0x08002cbd   Thumb Code     6  stm32f1xx_it.o(i.TIM4_IRQHandler)
    TIM_Base_SetConfig                       0x08002cc9   Thumb Code   120  stm32f1xx_hal_tim.o(i.TIM_Base_SetConfig)
    TIM_OC2_SetConfig                        0x08002dd9   Thumb Code    98  stm32f1xx_hal_tim.o(i.TIM_OC2_SetConfig)
    USART1_IRQHandler                        0x0800327d   Thumb Code     6  stm32f1xx_it.o(i.USART1_IRQHandler)
    UsageFault_Handler                       0x08003289   Thumb Code     2  stm32f1xx_it.o(i.UsageFault_Handler)
    _Error_Handler                           0x0800328b   Thumb Code     2  main.o(i._Error_Handler)
    __0snprintf                              0x0800328d   Thumb Code    44  printfa.o(i.__0snprintf)
    __1snprintf                              0x0800328d   Thumb Code     0  printfa.o(i.__0snprintf)
    __2snprintf                              0x0800328d   Thumb Code     0  printfa.o(i.__0snprintf)
    __c89snprintf                            0x0800328d   Thumb Code     0  printfa.o(i.__0snprintf)
    snprintf                                 0x0800328d   Thumb Code     0  printfa.o(i.__0snprintf)
    __ARM_fpclassify                         0x080032bd   Thumb Code    40  fpclassify.o(i.__ARM_fpclassify)
    __kernel_poly                            0x080032e5   Thumb Code   170  poly.o(i.__kernel_poly)
    __mathlib_dbl_divzero                    0x08003391   Thumb Code    12  dunder.o(i.__mathlib_dbl_divzero)
    __mathlib_dbl_infnan                     0x080033a1   Thumb Code     6  dunder.o(i.__mathlib_dbl_infnan)
    __mathlib_dbl_infnan2                    0x080033a7   Thumb Code     4  dunder.o(i.__mathlib_dbl_infnan2)
    __mathlib_dbl_invalid                    0x080033ab   Thumb Code    12  dunder.o(i.__mathlib_dbl_invalid)
    __mathlib_dbl_overflow                   0x080033b7   Thumb Code    14  dunder.o(i.__mathlib_dbl_overflow)
    __mathlib_dbl_underflow                  0x080033c5   Thumb Code    10  dunder.o(i.__mathlib_dbl_underflow)
    __scatterload_copy                       0x080033d5   Thumb Code    14  handlers.o(i.__scatterload_copy)
    __scatterload_null                       0x080033e3   Thumb Code     2  handlers.o(i.__scatterload_null)
    __scatterload_zeroinit                   0x080033e5   Thumb Code    14  handlers.o(i.__scatterload_zeroinit)
    __set_errno                              0x080033f5   Thumb Code     6  errno.o(i.__set_errno)
    battery_indicator                        0x08003cc9   Thumb Code   210  main.o(i.battery_indicator)
    delay_us                                 0x08003db9   Thumb Code    14  main.o(i.delay_us)
    error_blink                              0x08003dcd   Thumb Code    44  main.o(i.error_blink)
    get_data                                 0x08003dfd   Thumb Code   164  main.o(i.get_data)
    log                                      0x08003ea5   Thumb Code   808  log.o(i.log)
    main                                     0x08004201   Thumb Code  1696  main.o(i.main)
    pow                                      0x080048a9   Thumb Code  2512  pow.o(i.pow)
    sqrt                                     0x08005281   Thumb Code    76  sqrt.o(i.sqrt)
    temp_calculate                           0x080052cd   Thumb Code   118  main.o(i.temp_calculate)
    AHBPrescTable                            0x0800536c   Data          16  system_stm32f1xx.o(.constdata)
    APBPrescTable                            0x0800537c   Data           8  system_stm32f1xx.o(.constdata)
    __mathlib_zero                           0x08005448   Data           8  qnan.o(.constdata)
    Region$$Table$$Base                      0x08005450   Number         0  anon$$obj.o(Region$$Table)
    Region$$Table$$Limit                     0x08005470   Number         0  anon$$obj.o(Region$$Table)
    SystemCoreClock                          0x20000000   Data           4  system_stm32f1xx.o(.data)
    data_complete                            0x20000004   Data           1  main.o(.data)
    len                                      0x20000005   Data           1  main.o(.data)
    data_order                               0x20000006   Data           1  main.o(.data)
    data_order_2                             0x20000007   Data           1  main.o(.data)
    workflow                                 0x20000008   Data           1  main.o(.data)
    lms_                                     0x20000009   Data           1  main.o(.data)
    wait_motor                               0x2000000a   Data           1  main.o(.data)
    data_id                                  0x2000000c   Data           2  main.o(.data)
    adc1_value_temp                          0x20000010   Data           4  main.o(.data)
    adc1_value_batt                          0x20000014   Data           4  main.o(.data)
    batt_temp                                0x20000018   Data           4  main.o(.data)
    adc1_value                               0x2000001c   Data           6  main.o(.data)
    receive_data                             0x20000022   Data           6  main.o(.data)
    data_reorder                             0x20000028   Data           6  main.o(.data)
    uwTick                                   0x20000030   Data           4  stm32f1xx_hal.o(.data)
    hadc1                                    0x20000038   Data          48  main.o(.bss)
    htim1                                    0x20000068   Data          64  main.o(.bss)
    htim2                                    0x200000a8   Data          64  main.o(.bss)
    htim3                                    0x200000e8   Data          64  main.o(.bss)
    htim4                                    0x20000128   Data          64  main.o(.bss)
    huart1                                   0x20000168   Data          64  main.o(.bss)
    buffer                                   0x200001a8   Data         100  main.o(.bss)
    hdma_adc1                                0x2000020c   Data          68  main.o(.bss)
    hdma_usart1_rx                           0x20000250   Data          68  main.o(.bss)
    __initial_sp                             0x20000698   Data           0  startup_stm32f103xe.o(STACK)



==============================================================================

Memory Map of the image

  Image Entry point : 0x08000131

  Load Region LR_IROM1 (Base: 0x08000000, Size: 0x000054a8, Max: 0x00040000, ABSOLUTE)

    Execution Region ER_IROM1 (Exec base: 0x08000000, Load base: 0x08000000, Size: 0x00005470, Max: 0x00040000, ABSOLUTE)

    Exec Addr    Load Addr    Size         Type   Attr      Idx    E Section Name        Object

    0x08000000   0x08000000   0x00000130   Data   RO            3    RESET               startup_stm32f103xe.o
    0x08000130   0x08000130   0x00000000   Code   RO         2928  * .ARM.Collect$$$$00000000  mc_w.l(entry.o)
    0x08000130   0x08000130   0x00000004   Code   RO         3243    .ARM.Collect$$$$00000001  mc_w.l(entry2.o)
    0x08000134   0x08000134   0x00000004   Code   RO         3246    .ARM.Collect$$$$00000004  mc_w.l(entry5.o)
    0x08000138   0x08000138   0x00000000   Code   RO         3248    .ARM.Collect$$$$00000008  mc_w.l(entry7b.o)
    0x08000138   0x08000138   0x00000000   Code   RO         3250    .ARM.Collect$$$$0000000A  mc_w.l(entry8b.o)
    0x08000138   0x08000138   0x00000008   Code   RO         3251    .ARM.Collect$$$$0000000B  mc_w.l(entry9a.o)
    0x08000140   0x08000140   0x00000000   Code   RO         3253    .ARM.Collect$$$$0000000D  mc_w.l(entry10a.o)
    0x08000140   0x08000140   0x00000000   Code   RO         3255    .ARM.Collect$$$$0000000F  mc_w.l(entry11a.o)
    0x08000140   0x08000140   0x00000004   Code   RO         3244    .ARM.Collect$$$$00002712  mc_w.l(entry2.o)
    0x08000144   0x08000144   0x00000024   Code   RO            4    .text               startup_stm32f103xe.o
    0x08000168   0x08000168   0x00000020   Code   RO         2931    .text               mc_w.l(llushr.o)
    0x08000188   0x08000188   0x000000b0   Code   RO         3194    .text               mf_w.l(fadd.o)
    0x08000238   0x08000238   0x00000064   Code   RO         3196    .text               mf_w.l(fmul.o)
    0x0800029c   0x0800029c   0x00000018   Code   RO         3198    .text               mf_w.l(fscalb.o)
    0x080002b4   0x080002b4   0x0000014e   Code   RO         3200    .text               mf_w.l(dadd.o)
    0x08000402   0x08000402   0x000000e4   Code   RO         3202    .text               mf_w.l(dmul.o)
    0x080004e6   0x080004e6   0x000000de   Code   RO         3204    .text               mf_w.l(ddiv.o)
    0x080005c4   0x080005c4   0x0000000a   Code   RO         3206    .text               mf_w.l(ffltui.o)
    0x080005ce   0x080005ce   0x00000022   Code   RO         3208    .text               mf_w.l(dflti.o)
    0x080005f0   0x080005f0   0x0000003e   Code   RO         3210    .text               mf_w.l(dfixi.o)
    0x0800062e   0x0800062e   0x00000026   Code   RO         3212    .text               mf_w.l(f2d.o)
    0x08000654   0x08000654   0x00000038   Code   RO         3214    .text               mf_w.l(d2f.o)
    0x0800068c   0x0800068c   0x0000002c   Code   RO         3260    .text               mc_w.l(uidiv.o)
    0x080006b8   0x080006b8   0x00000062   Code   RO         3262    .text               mc_w.l(uldiv.o)
    0x0800071a   0x0800071a   0x0000001e   Code   RO         3264    .text               mc_w.l(llshl.o)
    0x08000738   0x08000738   0x00000024   Code   RO         3266    .text               mc_w.l(llsshr.o)
    0x0800075c   0x0800075c   0x00000000   Code   RO         3275    .text               mc_w.l(iusefp.o)
    0x0800075c   0x0800075c   0x0000006e   Code   RO         3276    .text               mf_w.l(fepilogue.o)
    0x080007ca   0x080007ca   0x000000ba   Code   RO         3278    .text               mf_w.l(depilogue.o)
    0x08000884   0x08000884   0x0000002e   Code   RO         3280    .text               mf_w.l(dscalb.o)
    0x080008b2   0x080008b2   0x00000030   Code   RO         3282    .text               mf_w.l(dfixul.o)
    0x080008e2   0x080008e2   0x00000002   PAD
    0x080008e4   0x080008e4   0x00000030   Code   RO         3284    .text               mf_w.l(cdcmple.o)
    0x08000914   0x08000914   0x00000030   Code   RO         3286    .text               mf_w.l(cdrcmple.o)
    0x08000944   0x08000944   0x00000024   Code   RO         3288    .text               mc_w.l(init.o)
    0x08000968   0x08000968   0x000000a2   Code   RO         3292    .text               mf_w.l(dsqrt.o)
    0x08000a0a   0x08000a0a   0x00000002   PAD
    0x08000a0c   0x08000a0c   0x0000000c   Code   RO          206    i.ADC1_2_IRQHandler  stm32f1xx_it.o
    0x08000a18   0x08000a18   0x0000004c   Code   RO         2635    i.ADC_ConversionStop_Disable  stm32f1xx_hal_adc.o
    0x08000a64   0x08000a64   0x0000004e   Code   RO         2636    i.ADC_DMAConvCplt   stm32f1xx_hal_adc.o
    0x08000ab2   0x08000ab2   0x0000001a   Code   RO         2637    i.ADC_DMAError      stm32f1xx_hal_adc.o
    0x08000acc   0x08000acc   0x0000000a   Code   RO         2638    i.ADC_DMAHalfConvCplt  stm32f1xx_hal_adc.o
    0x08000ad6   0x08000ad6   0x00000002   PAD
    0x08000ad8   0x08000ad8   0x00000070   Code   RO         2639    i.ADC_Enable        stm32f1xx_hal_adc.o
    0x08000b48   0x08000b48   0x00000002   Code   RO          207    i.BusFault_Handler  stm32f1xx_it.o
    0x08000b4a   0x08000b4a   0x00000002   PAD
    0x08000b4c   0x08000b4c   0x0000000c   Code   RO          208    i.DMA1_Channel1_IRQHandler  stm32f1xx_it.o
    0x08000b58   0x08000b58   0x0000000c   Code   RO          209    i.DMA1_Channel5_IRQHandler  stm32f1xx_it.o
    0x08000b64   0x08000b64   0x0000002a   Code   RO          777    i.DMA_SetConfig     stm32f1xx_hal_dma.o
    0x08000b8e   0x08000b8e   0x00000002   Code   RO          210    i.DebugMon_Handler  stm32f1xx_it.o
    0x08000b90   0x08000b90   0x00000002   Code   RO         2817    i.HAL_ADCEx_InjectedConvCpltCallback  stm32f1xx_hal_adc_ex.o
    0x08000b92   0x08000b92   0x00000002   PAD
    0x08000b94   0x08000b94   0x000000fc   Code   RO         2641    i.HAL_ADC_ConfigChannel  stm32f1xx_hal_adc.o
    0x08000c90   0x08000c90   0x00000002   Code   RO         2642    i.HAL_ADC_ConvCpltCallback  stm32f1xx_hal_adc.o
    0x08000c92   0x08000c92   0x00000002   Code   RO         2643    i.HAL_ADC_ConvHalfCpltCallback  stm32f1xx_hal_adc.o
    0x08000c94   0x08000c94   0x00000002   Code   RO         2645    i.HAL_ADC_ErrorCallback  stm32f1xx_hal_adc.o
    0x08000c96   0x08000c96   0x000000e6   Code   RO         2649    i.HAL_ADC_IRQHandler  stm32f1xx_hal_adc.o
    0x08000d7c   0x08000d7c   0x00000120   Code   RO         2650    i.HAL_ADC_Init      stm32f1xx_hal_adc.o
    0x08000e9c   0x08000e9c   0x00000002   Code   RO         2651    i.HAL_ADC_LevelOutOfWindowCallback  stm32f1xx_hal_adc.o
    0x08000e9e   0x08000e9e   0x00000002   PAD
    0x08000ea0   0x08000ea0   0x000000b8   Code   RO          136    i.HAL_ADC_MspInit   stm32f1xx_hal_msp.o
    0x08000f58   0x08000f58   0x0000010c   Code   RO         2657    i.HAL_ADC_Start_DMA  stm32f1xx_hal_adc.o
    0x08001064   0x08001064   0x00000130   Code   RO          779    i.HAL_DMA_Abort_IT  stm32f1xx_hal_dma.o
    0x08001194   0x08001194   0x00000248   Code   RO          783    i.HAL_DMA_IRQHandler  stm32f1xx_hal_dma.o
    0x080013dc   0x080013dc   0x00000084   Code   RO          784    i.HAL_DMA_Init      stm32f1xx_hal_dma.o
    0x08001460   0x08001460   0x00000070   Code   RO          788    i.HAL_DMA_Start_IT  stm32f1xx_hal_dma.o
    0x080014d0   0x080014d0   0x0000001c   Code   RO         2501    i.HAL_Delay         stm32f1xx_hal.o
    0x080014ec   0x080014ec   0x000001e8   Code   RO         1572    i.HAL_GPIO_Init     stm32f1xx_hal_gpio.o
    0x080016d4   0x080016d4   0x0000000a   Code   RO         1574    i.HAL_GPIO_ReadPin  stm32f1xx_hal_gpio.o
    0x080016de   0x080016de   0x00000008   Code   RO         1575    i.HAL_GPIO_TogglePin  stm32f1xx_hal_gpio.o
    0x080016e6   0x080016e6   0x0000000a   Code   RO         1576    i.HAL_GPIO_WritePin  stm32f1xx_hal_gpio.o
    0x080016f0   0x080016f0   0x0000000c   Code   RO         2505    i.HAL_GetTick       stm32f1xx_hal.o
    0x080016fc   0x080016fc   0x00000010   Code   RO         2507    i.HAL_IncTick       stm32f1xx_hal.o
    0x0800170c   0x0800170c   0x00000024   Code   RO         2508    i.HAL_Init          stm32f1xx_hal.o
    0x08001730   0x08001730   0x00000028   Code   RO         2509    i.HAL_InitTick      stm32f1xx_hal.o
    0x08001758   0x08001758   0x00000084   Code   RO          137    i.HAL_MspInit       stm32f1xx_hal_msp.o
    0x080017dc   0x080017dc   0x00000016   Code   RO          662    i.HAL_NVIC_EnableIRQ  stm32f1xx_hal_cortex.o
    0x080017f2   0x080017f2   0x00000002   PAD
    0x080017f4   0x080017f4   0x00000040   Code   RO          668    i.HAL_NVIC_SetPriority  stm32f1xx_hal_cortex.o
    0x08001834   0x08001834   0x00000024   Code   RO          669    i.HAL_NVIC_SetPriorityGrouping  stm32f1xx_hal_cortex.o
    0x08001858   0x08001858   0x000000ec   Code   RO          626    i.HAL_RCCEx_PeriphCLKConfig  stm32f1xx_hal_rcc_ex.o
    0x08001944   0x08001944   0x00000154   Code   RO         1468    i.HAL_RCC_ClockConfig  stm32f1xx_hal_rcc.o
    0x08001a98   0x08001a98   0x0000000c   Code   RO         1473    i.HAL_RCC_GetHCLKFreq  stm32f1xx_hal_rcc.o
    0x08001aa4   0x08001aa4   0x00000020   Code   RO         1475    i.HAL_RCC_GetPCLK1Freq  stm32f1xx_hal_rcc.o
    0x08001ac4   0x08001ac4   0x00000020   Code   RO         1476    i.HAL_RCC_GetPCLK2Freq  stm32f1xx_hal_rcc.o
    0x08001ae4   0x08001ae4   0x0000006c   Code   RO         1477    i.HAL_RCC_GetSysClockFreq  stm32f1xx_hal_rcc.o
    0x08001b50   0x08001b50   0x00000304   Code   RO         1480    i.HAL_RCC_OscConfig  stm32f1xx_hal_rcc.o
    0x08001e54   0x08001e54   0x00000018   Code   RO          671    i.HAL_SYSTICK_CLKSourceConfig  stm32f1xx_hal_cortex.o
    0x08001e6c   0x08001e6c   0x00000002   Code   RO          672    i.HAL_SYSTICK_Callback  stm32f1xx_hal_cortex.o
    0x08001e6e   0x08001e6e   0x00000028   Code   RO          673    i.HAL_SYSTICK_Config  stm32f1xx_hal_cortex.o
    0x08001e96   0x08001e96   0x00000008   Code   RO          674    i.HAL_SYSTICK_IRQHandler  stm32f1xx_hal_cortex.o
    0x08001e9e   0x08001e9e   0x00000002   Code   RO         1234    i.HAL_TIMEx_BreakCallback  stm32f1xx_hal_tim_ex.o
    0x08001ea0   0x08001ea0   0x00000002   Code   RO         1235    i.HAL_TIMEx_CommutationCallback  stm32f1xx_hal_tim_ex.o
    0x08001ea2   0x08001ea2   0x0000005a   Code   RO         1236    i.HAL_TIMEx_ConfigBreakDeadTime  stm32f1xx_hal_tim_ex.o
    0x08001efc   0x08001efc   0x00000050   Code   RO         1251    i.HAL_TIMEx_MasterConfigSynchronization  stm32f1xx_hal_tim_ex.o
    0x08001f4c   0x08001f4c   0x00000036   Code   RO         1762    i.HAL_TIM_Base_Init  stm32f1xx_hal_tim.o
    0x08001f82   0x08001f82   0x00000002   PAD
    0x08001f84   0x08001f84   0x000000a0   Code   RO          139    i.HAL_TIM_Base_MspInit  stm32f1xx_hal_msp.o
    0x08002024   0x08002024   0x0000001a   Code   RO         1765    i.HAL_TIM_Base_Start  stm32f1xx_hal_tim.o
    0x0800203e   0x0800203e   0x00000018   Code   RO         1767    i.HAL_TIM_Base_Start_IT  stm32f1xx_hal_tim.o
    0x08002056   0x08002056   0x000000f2   Code   RO         1771    i.HAL_TIM_ConfigClockSource  stm32f1xx_hal_tim.o
    0x08002148   0x08002148   0x00000002   Code   RO         1791    i.HAL_TIM_IC_CaptureCallback  stm32f1xx_hal_tim.o
    0x0800214a   0x0800214a   0x00000166   Code   RO         1804    i.HAL_TIM_IRQHandler  stm32f1xx_hal_tim.o
    0x080022b0   0x080022b0   0x00000028   Code   RO          140    i.HAL_TIM_MspPostInit  stm32f1xx_hal_msp.o
    0x080022d8   0x080022d8   0x00000056   Code   RO         1805    i.HAL_TIM_OC_ConfigChannel  stm32f1xx_hal_tim.o
    0x0800232e   0x0800232e   0x00000002   Code   RO         1807    i.HAL_TIM_OC_DelayElapsedCallback  stm32f1xx_hal_tim.o
    0x08002330   0x08002330   0x00000036   Code   RO         1809    i.HAL_TIM_OC_Init   stm32f1xx_hal_tim.o
    0x08002366   0x08002366   0x00000002   Code   RO         1811    i.HAL_TIM_OC_MspInit  stm32f1xx_hal_tim.o
    0x08002368   0x08002368   0x000000d0   Code   RO         1828    i.HAL_TIM_PWM_ConfigChannel  stm32f1xx_hal_tim.o
    0x08002438   0x08002438   0x00000036   Code   RO         1831    i.HAL_TIM_PWM_Init  stm32f1xx_hal_tim.o
    0x0800246e   0x0800246e   0x00000002   Code   RO         1833    i.HAL_TIM_PWM_MspInit  stm32f1xx_hal_tim.o
    0x08002470   0x08002470   0x00000002   Code   RO         1834    i.HAL_TIM_PWM_PulseFinishedCallback  stm32f1xx_hal_tim.o
    0x08002472   0x08002472   0x00000002   PAD
    0x08002474   0x08002474   0x00000094   Code   RO          324    i.HAL_TIM_PeriodElapsedCallback  main.o
    0x08002508   0x08002508   0x00000002   Code   RO         1845    i.HAL_TIM_TriggerCallback  stm32f1xx_hal_tim.o
    0x0800250a   0x0800250a   0x00000002   Code   RO          929    i.HAL_UART_ErrorCallback  stm32f1xx_hal_uart.o
    0x0800250c   0x0800250c   0x00000110   Code   RO          932    i.HAL_UART_IRQHandler  stm32f1xx_hal_uart.o
    0x0800261c   0x0800261c   0x00000062   Code   RO          933    i.HAL_UART_Init     stm32f1xx_hal_uart.o
    0x0800267e   0x0800267e   0x00000002   PAD
    0x08002680   0x08002680   0x000000bc   Code   RO          142    i.HAL_UART_MspInit  stm32f1xx_hal_msp.o
    0x0800273c   0x0800273c   0x00000098   Code   RO          937    i.HAL_UART_Receive_DMA  stm32f1xx_hal_uart.o
    0x080027d4   0x080027d4   0x00000002   Code   RO          939    i.HAL_UART_RxCpltCallback  stm32f1xx_hal_uart.o
    0x080027d6   0x080027d6   0x00000002   Code   RO          940    i.HAL_UART_RxHalfCpltCallback  stm32f1xx_hal_uart.o
    0x080027d8   0x080027d8   0x0000003e   Code   RO          943    i.HAL_UART_Transmit_IT  stm32f1xx_hal_uart.o
    0x08002816   0x08002816   0x00000002   Code   RO          944    i.HAL_UART_TxCpltCallback  stm32f1xx_hal_uart.o
    0x08002818   0x08002818   0x00000002   Code   RO          211    i.HardFault_Handler  stm32f1xx_it.o
    0x0800281a   0x0800281a   0x00000002   PAD
    0x0800281c   0x0800281c   0x0000006c   Code   RO          325    i.MX_ADC1_Init      main.o
    0x08002888   0x08002888   0x000000dc   Code   RO          326    i.MX_GPIO_Init      main.o
    0x08002964   0x08002964   0x000000a0   Code   RO          327    i.MX_TIM1_Init      main.o
    0x08002a04   0x08002a04   0x00000074   Code   RO          328    i.MX_TIM2_Init      main.o
    0x08002a78   0x08002a78   0x00000058   Code   RO          329    i.MX_TIM3_Init      main.o
    0x08002ad0   0x08002ad0   0x00000054   Code   RO          330    i.MX_TIM4_Init      main.o
    0x08002b24   0x08002b24   0x00000002   Code   RO          212    i.MemManage_Handler  stm32f1xx_it.o
    0x08002b26   0x08002b26   0x00000002   PAD
    0x08002b28   0x08002b28   0x00000024   Code   RO          331    i.Motor_Backward    main.o
    0x08002b4c   0x08002b4c   0x00000020   Code   RO          332    i.Motor_Forward     main.o
    0x08002b6c   0x08002b6c   0x00000024   Code   RO          333    i.Motor_Off         main.o
    0x08002b90   0x08002b90   0x00000002   Code   RO          213    i.NMI_Handler       stm32f1xx_it.o
    0x08002b92   0x08002b92   0x00000020   Code   RO          675    i.NVIC_SetPriority  stm32f1xx_hal_cortex.o
    0x08002bb2   0x08002bb2   0x00000002   PAD
    0x08002bb4   0x08002bb4   0x0000001c   Code   RO          334    i.Operator_blink    main.o
    0x08002bd0   0x08002bd0   0x00000002   Code   RO          214    i.PendSV_Handler    stm32f1xx_it.o
    0x08002bd2   0x08002bd2   0x00000002   Code   RO          215    i.SVC_Handler       stm32f1xx_it.o
    0x08002bd4   0x08002bd4   0x0000000e   Code   RO          216    i.SysTick_Handler   stm32f1xx_it.o
    0x08002be2   0x08002be2   0x0000007a   Code   RO          335    i.SystemClock_Config  main.o
    0x08002c5c   0x08002c5c   0x00000048   Code   RO           14    i.SystemInit        system_stm32f1xx.o
    0x08002ca4   0x08002ca4   0x0000000c   Code   RO          217    i.TIM2_IRQHandler   stm32f1xx_it.o
    0x08002cb0   0x08002cb0   0x0000000c   Code   RO          218    i.TIM3_IRQHandler   stm32f1xx_it.o
    0x08002cbc   0x08002cbc   0x0000000c   Code   RO          219    i.TIM4_IRQHandler   stm32f1xx_it.o
    0x08002cc8   0x08002cc8   0x0000008c   Code   RO         1846    i.TIM_Base_SetConfig  stm32f1xx_hal_tim.o
    0x08002d54   0x08002d54   0x00000014   Code   RO         1853    i.TIM_ETR_SetConfig  stm32f1xx_hal_tim.o
    0x08002d68   0x08002d68   0x00000010   Code   RO         1854    i.TIM_ITRx_SetConfig  stm32f1xx_hal_tim.o
    0x08002d78   0x08002d78   0x00000060   Code   RO         1855    i.TIM_OC1_SetConfig  stm32f1xx_hal_tim.o
    0x08002dd8   0x08002dd8   0x0000006c   Code   RO         1856    i.TIM_OC2_SetConfig  stm32f1xx_hal_tim.o
    0x08002e44   0x08002e44   0x00000068   Code   RO         1857    i.TIM_OC3_SetConfig  stm32f1xx_hal_tim.o
    0x08002eac   0x08002eac   0x00000050   Code   RO         1858    i.TIM_OC4_SetConfig  stm32f1xx_hal_tim.o
    0x08002efc   0x08002efc   0x00000022   Code   RO         1860    i.TIM_TI1_ConfigInputStage  stm32f1xx_hal_tim.o
    0x08002f1e   0x08002f1e   0x00000024   Code   RO         1862    i.TIM_TI2_ConfigInputStage  stm32f1xx_hal_tim.o
    0x08002f42   0x08002f42   0x00000010   Code   RO          946    i.UART_DMAAbortOnError  stm32f1xx_hal_uart.o
    0x08002f52   0x08002f52   0x0000004a   Code   RO          947    i.UART_DMAError     stm32f1xx_hal_uart.o
    0x08002f9c   0x08002f9c   0x0000003c   Code   RO          948    i.UART_DMAReceiveCplt  stm32f1xx_hal_uart.o
    0x08002fd8   0x08002fd8   0x0000000a   Code   RO          950    i.UART_DMARxHalfCplt  stm32f1xx_hal_uart.o
    0x08002fe2   0x08002fe2   0x0000001c   Code   RO          956    i.UART_EndRxTransfer  stm32f1xx_hal_uart.o
    0x08002ffe   0x08002ffe   0x00000012   Code   RO          957    i.UART_EndTxTransfer  stm32f1xx_hal_uart.o
    0x08003010   0x08003010   0x00000096   Code   RO          958    i.UART_Receive_IT   stm32f1xx_hal_uart.o
    0x080030a6   0x080030a6   0x00000002   PAD
    0x080030a8   0x080030a8   0x00000170   Code   RO          959    i.UART_SetConfig    stm32f1xx_hal_uart.o
    0x08003218   0x08003218   0x00000062   Code   RO          960    i.UART_Transmit_IT  stm32f1xx_hal_uart.o
    0x0800327a   0x0800327a   0x00000002   PAD
    0x0800327c   0x0800327c   0x0000000c   Code   RO          220    i.USART1_IRQHandler  stm32f1xx_it.o
    0x08003288   0x08003288   0x00000002   Code   RO          221    i.UsageFault_Handler  stm32f1xx_it.o
    0x0800328a   0x0800328a   0x00000002   Code   RO          336    i._Error_Handler    main.o
    0x0800328c   0x0800328c   0x00000030   Code   RO         3167    i.__0snprintf       mc_w.l(printfa.o)
    0x080032bc   0x080032bc   0x00000028   Code   RO         3230    i.__ARM_fpclassify  m_ws.l(fpclassify.o)
    0x080032e4   0x080032e4   0x000000aa   Code   RO         3232    i.__kernel_poly     m_ws.l(poly.o)
    0x0800338e   0x0800338e   0x00000002   PAD
    0x08003390   0x08003390   0x00000010   Code   RO         3216    i.__mathlib_dbl_divzero  m_ws.l(dunder.o)
    0x080033a0   0x080033a0   0x00000006   Code   RO         3217    i.__mathlib_dbl_infnan  m_ws.l(dunder.o)
    0x080033a6   0x080033a6   0x00000004   Code   RO         3218    i.__mathlib_dbl_infnan2  m_ws.l(dunder.o)
    0x080033aa   0x080033aa   0x0000000c   Code   RO         3219    i.__mathlib_dbl_invalid  m_ws.l(dunder.o)
    0x080033b6   0x080033b6   0x0000000e   Code   RO         3220    i.__mathlib_dbl_overflow  m_ws.l(dunder.o)
    0x080033c4   0x080033c4   0x00000010   Code   RO         3222    i.__mathlib_dbl_underflow  m_ws.l(dunder.o)
    0x080033d4   0x080033d4   0x0000000e   Code   RO         3296    i.__scatterload_copy  mc_w.l(handlers.o)
    0x080033e2   0x080033e2   0x00000002   Code   RO         3297    i.__scatterload_null  mc_w.l(handlers.o)
    0x080033e4   0x080033e4   0x0000000e   Code   RO         3298    i.__scatterload_zeroinit  mc_w.l(handlers.o)
    0x080033f2   0x080033f2   0x00000002   PAD
    0x080033f4   0x080033f4   0x0000000c   Code   RO         3270    i.__set_errno       mc_w.l(errno.o)
    0x08003400   0x08003400   0x00000184   Code   RO         3173    i._fp_digits        mc_w.l(printfa.o)
    0x08003584   0x08003584   0x000006dc   Code   RO         3174    i._printf_core      mc_w.l(printfa.o)
    0x08003c60   0x08003c60   0x00000024   Code   RO         3175    i._printf_post_padding  mc_w.l(printfa.o)
    0x08003c84   0x08003c84   0x0000002e   Code   RO         3176    i._printf_pre_padding  mc_w.l(printfa.o)
    0x08003cb2   0x08003cb2   0x00000016   Code   RO         3177    i._snputc           mc_w.l(printfa.o)
    0x08003cc8   0x08003cc8   0x000000f0   Code   RO          337    i.battery_indicator  main.o
    0x08003db8   0x08003db8   0x00000014   Code   RO          338    i.delay_us          main.o
    0x08003dcc   0x08003dcc   0x00000030   Code   RO          339    i.error_blink       main.o
    0x08003dfc   0x08003dfc   0x000000a8   Code   RO          340    i.get_data          main.o
    0x08003ea4   0x08003ea4   0x0000035c   Code   RO         2909    i.log               m_ws.l(log.o)
    0x08004200   0x08004200   0x000006a8   Code   RO          341    i.main              main.o
    0x080048a8   0x080048a8   0x000009d8   Code   RO         2919    i.pow               m_ws.l(pow.o)
    0x08005280   0x08005280   0x0000004c   Code   RO         3236    i.sqrt              m_ws.l(sqrt.o)
    0x080052cc   0x080052cc   0x000000a0   Code   RO          342    i.temp_calculate    main.o
    0x0800536c   0x0800536c   0x00000010   Data   RO           15    .constdata          system_stm32f1xx.o
    0x0800537c   0x0800537c   0x00000008   Data   RO           16    .constdata          system_stm32f1xx.o
    0x08005384   0x08005384   0x00000004   PAD
    0x08005388   0x08005388   0x00000038   Data   RO         2910    .constdata          m_ws.l(log.o)
    0x080053c0   0x080053c0   0x00000088   Data   RO         2920    .constdata          m_ws.l(pow.o)
    0x08005448   0x08005448   0x00000008   Data   RO         3234    .constdata          m_ws.l(qnan.o)
    0x08005450   0x08005450   0x00000020   Data   RO         3294    Region$$Table       anon$$obj.o


    Execution Region RW_IRAM1 (Exec base: 0x20000000, Load base: 0x08005470, Size: 0x00000698, Max: 0x0000c000, ABSOLUTE)

    Exec Addr    Load Addr    Size         Type   Attr      Idx    E Section Name        Object

    0x20000000   0x08005470   0x00000004   Data   RW           17    .data               system_stm32f1xx.o
    0x20000004   0x08005474   0x0000002a   Data   RW          347    .data               main.o
    0x2000002e   0x0800549e   0x00000002   PAD
    0x20000030   0x080054a0   0x00000004   Data   RW         2514    .data               stm32f1xx_hal.o
    0x20000034   0x080054a4   0x00000004   Data   RW         3271    .data               mc_w.l(errno.o)
    0x20000038        -       0x000001d4   Zero   RW          344    .bss                main.o
    0x2000020c        -       0x00000044   Zero   RW          345    .bss                main.o
    0x20000250        -       0x00000044   Zero   RW          346    .bss                main.o
    0x20000294   0x080054a8   0x00000004   PAD
    0x20000298        -       0x00000400   Zero   RW            1    STACK               startup_stm32f103xe.o


==============================================================================

Image component sizes


      Code (inc. data)   RO Data    RW Data    ZI Data      Debug   Object Name

      3520        292          0         42        604     500605   main.o
        36          8        304          0       1024        820   startup_stm32f103xe.o
       132         22          0          4          0       3787   stm32f1xx_hal.o
      1348         58          0          0          0      10098   stm32f1xx_hal_adc.o
         2          0          0          0          0       1093   stm32f1xx_hal_adc_ex.o
       228         14          0          0          0      27553   stm32f1xx_hal_cortex.o
      1174         52          0          0          0       4566   stm32f1xx_hal_dma.o
       516         42          0          0          0       4176   stm32f1xx_hal_gpio.o
       704        138          0          0          0       3739   stm32f1xx_hal_msp.o
      1296        104          0          0          0       5752   stm32f1xx_hal_rcc.o
       236         12          0          0          0       1424   stm32f1xx_hal_rcc_ex.o
      1752         56          0          0          0      17391   stm32f1xx_hal_tim.o
       174          0          0          0          0       3206   stm32f1xx_hal_tim_ex.o
      1414         24          0          0          0      11739   stm32f1xx_hal_uart.o
       114         42          0          0          0       7114   stm32f1xx_it.o
        72         16         24          4          0     500219   system_stm32f1xx.o

    ----------------------------------------------------------------------
     12744        880        364         52       1632    1103282   Object Totals
         0          0         32          0          0          0   (incl. Generated)
        26          0          4          2          4          0   (incl. Padding)

    ----------------------------------------------------------------------

      Code (inc. data)   RO Data    RW Data    ZI Data      Debug   Library Member Name

        68         10          0          0          0        408   dunder.o
        40          0          0          0          0         68   fpclassify.o
       860         52         56          0          0        256   log.o
       170          0          0          0          0         96   poly.o
      2520        190        136          0          0        324   pow.o
         0          0          8          0          0          0   qnan.o
        76          0          0          0          0         84   sqrt.o
         0          0          0          0          0          0   entry.o
         0          0          0          0          0          0   entry10a.o
         0          0          0          0          0          0   entry11a.o
         8          4          0          0          0          0   entry2.o
         4          0          0          0          0          0   entry5.o
         0          0          0          0          0          0   entry7b.o
         0          0          0          0          0          0   entry8b.o
         8          4          0          0          0          0   entry9a.o
        12          6          0          4          0         68   errno.o
        30          0          0          0          0          0   handlers.o
        36          8          0          0          0         68   init.o
         0          0          0          0          0          0   iusefp.o
        30          0          0          0          0         68   llshl.o
        36          0          0          0          0         68   llsshr.o
        32          0          0          0          0         68   llushr.o
      2296         84          0          0          0        520   printfa.o
        44          0          0          0          0         80   uidiv.o
        98          0          0          0          0         92   uldiv.o
        48          0          0          0          0         68   cdcmple.o
        48          0          0          0          0         68   cdrcmple.o
        56          0          0          0          0         88   d2f.o
       334          0          0          0          0        148   dadd.o
       222          0          0          0          0        100   ddiv.o
       186          0          0          0          0        176   depilogue.o
        62          0          0          0          0         80   dfixi.o
        48          0          0          0          0         68   dfixul.o
        34          0          0          0          0         76   dflti.o
       228          0          0          0          0         96   dmul.o
        46          0          0          0          0         80   dscalb.o
       162          0          0          0          0        100   dsqrt.o
        38          0          0          0          0         68   f2d.o
       176          0          0          0          0        140   fadd.o
       110          0          0          0          0        168   fepilogue.o
        10          0          0          0          0         68   ffltui.o
       100          0          0          0          0         76   fmul.o
        24          0          0          0          0         68   fscalb.o

    ----------------------------------------------------------------------
      8308        358        200          4          0       4004   Library Totals
         8          0          0          0          0          0   (incl. Padding)

    ----------------------------------------------------------------------

      Code (inc. data)   RO Data    RW Data    ZI Data      Debug   Library Name

      3734        252        200          0          0       1236   m_ws.l
      2634        106          0          4          0       1032   mc_w.l
      1932          0          0          0          0       1736   mf_w.l

    ----------------------------------------------------------------------
      8308        358        200          4          0       4004   Library Totals

    ----------------------------------------------------------------------

==============================================================================


      Code (inc. data)   RO Data    RW Data    ZI Data      Debug   

     21052       1238        564         56       1632    1098806   Grand Totals
     21052       1238        564         56       1632    1098806   ELF Image Totals
     21052       1238        564         56          0          0   ROM Totals

==============================================================================

    Total RO  Size (Code + RO Data)                21616 (  21.11kB)
    Total RW  Size (RW Data + ZI Data)              1688 (   1.65kB)
    Total ROM Size (Code + RO Data + RW Data)      21672 (  21.16kB)

==============================================================================

